Component: ARM Compiler 5.06 update 6 (build 750) Tool: armlink [4d35ed]

==============================================================================

Section Cross References

    startup_stm32f103xb.o(STACK) refers (Special) to heapauxi.o(.text) for __use_two_region_memory
    startup_stm32f103xb.o(HEAP) refers (Special) to heapauxi.o(.text) for __use_two_region_memory
    startup_stm32f103xb.o(RESET) refers (Special) to heapauxi.o(.text) for __use_two_region_memory
    startup_stm32f103xb.o(RESET) refers to startup_stm32f103xb.o(STACK) for __initial_sp
    startup_stm32f103xb.o(RESET) refers to startup_stm32f103xb.o(.text) for Reset_Handler
    startup_stm32f103xb.o(RESET) refers to stm32f1xx_it.o(i.NMI_Handler) for NMI_Handler
    startup_stm32f103xb.o(RESET) refers to stm32f1xx_it.o(i.HardFault_Handler) for HardFault_Handler
    startup_stm32f103xb.o(RESET) refers to stm32f1xx_it.o(i.MemManage_Handler) for MemManage_Handler
    startup_stm32f103xb.o(RESET) refers to stm32f1xx_it.o(i.BusFault_Handler) for BusFault_Handler
    startup_stm32f103xb.o(RESET) refers to stm32f1xx_it.o(i.UsageFault_Handler) for UsageFault_Handler
    startup_stm32f103xb.o(RESET) refers to stm32f1xx_it.o(i.SVC_Handler) for SVC_Handler
    startup_stm32f103xb.o(RESET) refers to stm32f1xx_it.o(i.DebugMon_Handler) for DebugMon_Handler
    startup_stm32f103xb.o(RESET) refers to stm32f1xx_it.o(i.PendSV_Handler) for PendSV_Handler
    startup_stm32f103xb.o(RESET) refers to stm32f1xx_it.o(i.SysTick_Handler) for SysTick_Handler
    startup_stm32f103xb.o(RESET) refers to stm32f1xx_it.o(i.TIM1_BRK_IRQHandler) for TIM1_BRK_IRQHandler
    startup_stm32f103xb.o(RESET) refers to stm32f1xx_it.o(i.TIM1_UP_IRQHandler) for TIM1_UP_IRQHandler
    startup_stm32f103xb.o(RESET) refers to stm32f1xx_it.o(i.TIM1_TRG_COM_IRQHandler) for TIM1_TRG_COM_IRQHandler
    startup_stm32f103xb.o(RESET) refers to stm32f1xx_it.o(i.TIM1_CC_IRQHandler) for TIM1_CC_IRQHandler
    startup_stm32f103xb.o(RESET) refers to stm32f1xx_it.o(i.USART1_IRQHandler) for USART1_IRQHandler
    startup_stm32f103xb.o(RESET) refers to stm32f1xx_it.o(i.USART2_IRQHandler) for USART2_IRQHandler
    startup_stm32f103xb.o(.text) refers (Special) to heapauxi.o(.text) for __use_two_region_memory
    startup_stm32f103xb.o(.text) refers to system_stm32f1xx.o(i.SystemInit) for SystemInit
    startup_stm32f103xb.o(.text) refers to __main.o(!!!main) for __main
    startup_stm32f103xb.o(.text) refers to startup_stm32f103xb.o(HEAP) for Heap_Mem
    startup_stm32f103xb.o(.text) refers to startup_stm32f103xb.o(STACK) for Stack_Mem
    main.o(i.Get_ADC_Value) refers to stm32f1xx_hal_adc.o(i.HAL_ADC_Start) for HAL_ADC_Start
    main.o(i.Get_ADC_Value) refers to stm32f1xx_hal_adc.o(i.HAL_ADC_PollForConversion) for HAL_ADC_PollForConversion
    main.o(i.Get_ADC_Value) refers to stm32f1xx_hal_adc.o(i.HAL_ADC_GetState) for HAL_ADC_GetState
    main.o(i.Get_ADC_Value) refers to stm32f1xx_hal_adc.o(i.HAL_ADC_GetValue) for HAL_ADC_GetValue
    main.o(i.Get_ADC_Value) refers to stm32f1xx_hal_adc.o(i.HAL_ADC_Stop) for HAL_ADC_Stop
    main.o(i.Get_ADC_Value) refers to fflt_clz.o(x$fpl$ffltu) for __aeabi_ui2f
    main.o(i.Get_ADC_Value) refers to f2d.o(x$fpl$f2d) for __aeabi_f2d
    main.o(i.Get_ADC_Value) refers to dmul.o(x$fpl$dmul) for __aeabi_dmul
    main.o(i.Get_ADC_Value) refers to scalbn.o(x$fpl$scalbn) for __ARM_scalbn
    main.o(i.Get_ADC_Value) refers to d2f.o(x$fpl$d2f) for __aeabi_d2f
    main.o(i.Get_ADC_Value) refers to adc.o(.bss) for hadc1
    main.o(i.Get_ADC_Value) refers to main.o(.data) for .data
    main.o(i.Set_Key_Val) refers to main.o(i.Get_ADC_Value) for Get_ADC_Value
    main.o(i.Set_Key_Val) refers to ch9828.o(i.Send_left_noup) for Send_left_noup
    main.o(i.Set_Key_Val) refers to ch9828.o(i.Send_right_noup) for Send_right_noup
    main.o(i.Set_Key_Val) refers to ch9828.o(i.Send_down_noup) for Send_down_noup
    main.o(i.Set_Key_Val) refers to ch9828.o(i.Send_up_noup) for Send_up_noup
    main.o(i.Set_Key_Val) refers to ch9828.o(i.send_l_d_noup) for send_l_d_noup
    main.o(i.Set_Key_Val) refers to ch9828.o(i.send_r_u_noup) for send_r_u_noup
    main.o(i.Set_Key_Val) refers to ch9828.o(i.send_l_u_noup) for send_l_u_noup
    main.o(i.Set_Key_Val) refers to ch9828.o(i.send_r_d_noup) for send_r_d_noup
    main.o(i.Set_Key_Val) refers to ch9828.o(i.Send_release) for Send_release
    main.o(i.Set_Key_Val) refers to ch9828.o(i.Send_smaller) for Send_smaller
    main.o(i.Set_Key_Val) refers to ch9828.o(i.Send_bigger) for Send_bigger
    main.o(i.Set_Key_Val) refers to ch9828.o(i.Send_page_down) for Send_page_down
    main.o(i.Set_Key_Val) refers to ch9828.o(i.Send_page_up) for Send_page_up
    main.o(i.Set_Key_Val) refers to main.o(.data) for .data
    main.o(i.SystemClock_Config) refers to rt_memclr_w.o(.text) for __aeabi_memclr4
    main.o(i.SystemClock_Config) refers to stm32f1xx_hal_rcc.o(i.HAL_RCC_OscConfig) for HAL_RCC_OscConfig
[...]
    i.HAL_DMA_Abort                          0x08001a30   Section        0  stm32f1xx_hal_dma.o(i.HAL_DMA_Abort)
    i.HAL_DMA_Abort_IT                       0x08001a78   Section        0  stm32f1xx_hal_dma.o(i.HAL_DMA_Abort_IT)
    i.HAL_Delay                              0x08001b10   Section        0  stm32f1xx_hal.o(i.HAL_Delay)
    i.HAL_GPIO_Init                          0x08001b34   Section        0  stm32f1xx_hal_gpio.o(i.HAL_GPIO_Init)
    i.HAL_GPIO_ReadPin                       0x08001d14   Section        0  stm32f1xx_hal_gpio.o(i.HAL_GPIO_ReadPin)
    i.HAL_GPIO_WritePin                      0x08001d1e   Section        0  stm32f1xx_hal_gpio.o(i.HAL_GPIO_WritePin)
    i.HAL_GetTick                            0x08001d28   Section        0  stm32f1xx_hal.o(i.HAL_GetTick)
    i.HAL_IncTick                            0x08001d34   Section        0  stm32f1xx_hal.o(i.HAL_IncTick)
    i.HAL_Init                               0x08001d44   Section        0  stm32f1xx_hal.o(i.HAL_Init)
    i.HAL_InitTick                           0x08001d68   Section        0  stm32f1xx_hal.o(i.HAL_InitTick)
    i.HAL_MspInit                            0x08001da8   Section        0  stm32f1xx_hal_msp.o(i.HAL_MspInit)
    i.HAL_NVIC_EnableIRQ                     0x08001de4   Section        0  stm32f1xx_hal_cortex.o(i.HAL_NVIC_EnableIRQ)
    i.HAL_NVIC_SetPriority                   0x08001e00   Section        0  stm32f1xx_hal_cortex.o(i.HAL_NVIC_SetPriority)
    i.HAL_NVIC_SetPriorityGrouping           0x08001e40   Section        0  stm32f1xx_hal_cortex.o(i.HAL_NVIC_SetPriorityGrouping)
    i.HAL_RCCEx_GetPeriphCLKFreq             0x08001e64   Section        0  stm32f1xx_hal_rcc_ex.o(i.HAL_RCCEx_GetPeriphCLKFreq)
    i.HAL_RCCEx_PeriphCLKConfig              0x08001f08   Section        0  stm32f1xx_hal_rcc_ex.o(i.HAL_RCCEx_PeriphCLKConfig)
    i.HAL_RCC_ClockConfig                    0x08001ff4   Section        0  stm32f1xx_hal_rcc.o(i.HAL_RCC_ClockConfig)
    i.HAL_RCC_GetPCLK1Freq                   0x08002120   Section        0  stm32f1xx_hal_rcc.o(i.HAL_RCC_GetPCLK1Freq)
    i.HAL_RCC_GetPCLK2Freq                   0x08002140   Section        0  stm32f1xx_hal_rcc.o(i.HAL_RCC_GetPCLK2Freq)
    i.HAL_RCC_GetSysClockFreq                0x08002160   Section        0  stm32f1xx_hal_rcc.o(i.HAL_RCC_GetSysClockFreq)
    i.HAL_RCC_OscConfig                      0x080021ac   Section        0  stm32f1xx_hal_rcc.o(i.HAL_RCC_OscConfig)
    i.HAL_SYSTICK_Config                     0x080024cc   Section        0  stm32f1xx_hal_cortex.o(i.HAL_SYSTICK_Config)
    i.HAL_TIMEx_BreakCallback                0x080024f4   Section        0  stm32f1xx_hal_tim_ex.o(i.HAL_TIMEx_BreakCallback)
    i.HAL_TIMEx_CommutCallback               0x080024f6   Section        0  stm32f1xx_hal_tim_ex.o(i.HAL_TIMEx_CommutCallback)
    i.HAL_TIMEx_ConfigBreakDeadTime          0x080024f8   Section        0  stm32f1xx_hal_tim_ex.o(i.HAL_TIMEx_ConfigBreakDeadTime)
    i.HAL_TIMEx_MasterConfigSynchronization  0x0800254c   Section        0  stm32f1xx_hal_tim_ex.o(i.HAL_TIMEx_MasterConfigSynchronization)
    i.HAL_TIM_Base_Init                      0x080025b4   Section        0  stm32f1xx_hal_tim.o(i.HAL_TIM_Base_Init)
    i.HAL_TIM_Base_MspInit                   0x08002610   Section        0  tim.o(i.HAL_TIM_Base_MspInit)
    i.HAL_TIM_Base_Start_IT                  0x0800265c   Section        0  stm32f1xx_hal_tim.o(i.HAL_TIM_Base_Start_IT)
    i.HAL_TIM_ConfigClockSource              0x080026b4   Section        0  stm32f1xx_hal_tim.o(i.HAL_TIM_ConfigClockSource)
    i.HAL_TIM_IC_CaptureCallback             0x08002790   Section        0  stm32f1xx_hal_tim.o(i.HAL_TIM_IC_CaptureCallback)
    i.HAL_TIM_IRQHandler                     0x08002792   Section        0  stm32f1xx_hal_tim.o(i.HAL_TIM_IRQHandler)
    i.HAL_TIM_MspPostInit                    0x080028f8   Section        0  tim.o(i.HAL_TIM_MspPostInit)
    i.HAL_TIM_OC_ConfigChannel               0x08002944   Section        0  stm32f1xx_hal_tim.o(i.HAL_TIM_OC_ConfigChannel)
    i.HAL_TIM_OC_DelayElapsedCallback        0x08002996   Section        0  stm32f1xx_hal_tim.o(i.HAL_TIM_OC_DelayElapsedCallback)
    i.HAL_TIM_OC_Init                        0x08002998   Section        0  stm32f1xx_hal_tim.o(i.HAL_TIM_OC_Init)
    i.HAL_TIM_OC_MspInit                     0x080029f2   Section        0  stm32f1xx_hal_tim.o(i.HAL_TIM_OC_MspInit)
    i.HAL_TIM_PWM_PulseFinishedCallback      0x080029f4   Section        0  stm32f1xx_hal_tim.o(i.HAL_TIM_PWM_PulseFinishedCallback)
    i.HAL_TIM_PeriodElapsedCallback          0x080029f8   Section        0  tim_callback.o(i.HAL_TIM_PeriodElapsedCallback)
    i.HAL_TIM_TriggerCallback                0x08002a18   Section        0  stm32f1xx_hal_tim.o(i.HAL_TIM_TriggerCallback)
    i.HAL_UARTEx_RxEventCallback             0x08002a1a   Section        0  stm32f1xx_hal_uart.o(i.HAL_UARTEx_RxEventCallback)
    i.HAL_UART_ErrorCallback                 0x08002a1c   Section        0  stm32f1xx_hal_uart.o(i.HAL_UART_ErrorCallback)
    i.HAL_UART_IRQHandler                    0x08002a20   Section        0  stm32f1xx_hal_uart.o(i.HAL_UART_IRQHandler)
    i.HAL_UART_Init                          0x08002c8c   Section        0  stm32f1xx_hal_uart.o(i.HAL_UART_Init)
    i.HAL_UART_MspInit                       0x08002cf0   Section        0  usart.o(i.HAL_UART_MspInit)
    i.HAL_UART_Receive_IT                    0x08002dc8   Section        0  stm32f1xx_hal_uart.o(i.HAL_UART_Receive_IT)
    i.HAL_UART_RxCpltCallback                0x08002de4   Section        0  tim_callback.o(i.HAL_UART_RxCpltCallback)
    i.HAL_UART_Transmit                      0x08002e3c   Section        0  stm32f1xx_hal_uart.o(i.HAL_UART_Transmit)
    i.HAL_UART_TxCpltCallback                0x08002ed6   Section        0  stm32f1xx_hal_uart.o(i.HAL_UART_TxCpltCallback)
    i.HardFault_Handler                      0x08002ed8   Section        0  stm32f1xx_it.o(i.HardFault_Handler)
    i.MX_ADC1_Init                           0x08002edc   Section        0  adc.o(i.MX_ADC1_Init)
    i.MX_ADC2_Init                           0x08002f2c   Section        0  adc.o(i.MX_ADC2_Init)
    i.MX_GPIO_Init                           0x08002f7c   Section        0  gpio.o(i.MX_GPIO_Init)
    i.MX_TIM1_Init                           0x08003060   Section        0  tim.o(i.MX_TIM1_Init)
    i.MX_USART1_UART_Init                    0x08003128   Section        0  usart.o(i.MX_USART1_UART_Init)
    i.MX_USART2_UART_Init                    0x08003160   Section        0  usart.o(i.MX_USART2_UART_Init)
    i.MemManage_Handler                      0x08003198   Section        0  stm32f1xx_it.o(i.MemManage_Handler)
    i.NMI_Handler                            0x0800319a   Section        0  stm32f1xx_it.o(i.NMI_Handler)
    i.OLED_Clear                             0x0800319c   Section        0  oled.o(i.OLED_Clear)
    i.OLED_Clear_Line                        0x080031d8   Section        0  oled.o(i.OLED_Clear_Line)
    i.OLED_Init                              0x08003218   Section        0  oled.o(i.OLED_Init)
    i.OLED_Set_Pos                           0x080033ac   Section        0  oled.o(i.OLED_Set_Pos)
    i.OLED_ShowChar                          0x080033d8   Section        0  oled.o(i.OLED_ShowChar)
    i.OLED_ShowString                        0x0800343c   Section        0  oled.o(i.OLED_ShowString)
    i.OLED_WR_Byte                           0x08003470   Section        0  oled.o(i.OLED_WR_Byte)
    i.PendSV_Handler                         0x080034e0   Section        0  stm32f1xx_it.o(i.PendSV_Handler)
    i.Rearrange_Rec                          0x080034e4   Section        0  fpm383c.o(i.Rearrange_Rec)
    i.SVC_Handler                            0x08003524   Section        0  stm32f1xx_it.o(i.SVC_Handler)
    i.Send_bigger                            0x08003528   Section        0  ch9828.o(i.Send_bigger)
    i.Send_down_noup                         0x08003554   Section        0  ch9828.o(i.Send_down_noup)
    i.Send_left_noup                         0x0800357c   Section        0  ch9828.o(i.Send_left_noup)
    i.Send_one_letter                        0x080035a4   Section        0  ch9828.o(i.Send_one_letter)
    i.Send_one_num                           0x080035cc   Section        0  ch9828.o(i.Send_one_num)
    i.Send_page_down                         0x08003604   Section        0  ch9828.o(i.Send_page_down)
    i.Send_page_up                           0x0800362c   Section        0  ch9828.o(i.Send_page_up)
    i.Send_password                          0x08003654   Section        0  ch9828.o(i.Send_password)
    i.Send_release                           0x080036bc   Section        0  ch9828.o(i.Send_release)
    i.Send_right_noup                        0x080036e0   Section        0  ch9828.o(i.Send_right_noup)
    i.Send_smaller                           0x08003708   Section        0  ch9828.o(i.Send_smaller)
    i.Send_up_noup                           0x08003734   Section        0  ch9828.o(i.Send_up_noup)
    i.Set_Frame_Password                     0x0800375c   Section        0  fpm383c.o(i.Set_Frame_Password)
    i.Set_Frame_cmd                          0x08003770   Section        0  fpm383c.o(i.Set_Frame_cmd)
    i.Set_Frame_head                         0x0800377c   Section        0  fpm383c.o(i.Set_Frame_head)
    i.Set_Frame_sum                          0x080037c0   Section        0  fpm383c.o(i.Set_Frame_sum)
    i.Set_Key_Val                            0x080037d4   Section        0  main.o(i.Set_Key_Val)
    i.SysTick_Handler                        0x0800391c   Section        0  stm32f1xx_it.o(i.SysTick_Handler)
    i.SystemClock_Config                     0x08003920   Section        0  main.o(i.SystemClock_Config)
    i.SystemInit                             0x08003992   Section        0  system_stm32f1xx.o(i.SystemInit)
    i.TIM1_BRK_IRQHandler                    0x08003994   Section        0  stm32f1xx_it.o(i.TIM1_BRK_IRQHandler)
    i.TIM1_CC_IRQHandler                     0x080039a0   Section        0  stm32f1xx_it.o(i.TIM1_CC_IRQHandler)
    i.TIM1_TRG_COM_IRQHandler                0x080039ac   Section        0  stm32f1xx_it.o(i.TIM1_TRG_COM_IRQHandler)
    i.TIM1_UP_IRQHandler                     0x080039b8   Section        0  stm32f1xx_it.o(i.TIM1_UP_IRQHandler)
    i.TIM_Base_SetConfig                     0x080039c4   Section        0  stm32f1xx_hal_tim.o(i.TIM_Base_SetConfig)
    i.TIM_ETR_SetConfig                      0x08003a30   Section        0  stm32f1xx_hal_tim.o(i.TIM_ETR_SetConfig)
    i.TIM_ITRx_SetConfig                     0x08003a44   Section        0  stm32f1xx_hal_tim.o(i.TIM_ITRx_SetConfig)
    TIM_ITRx_SetConfig                       0x08003a45   Thumb Code    16  stm32f1xx_hal_tim.o(i.TIM_ITRx_SetConfig)
    i.TIM_OC1_SetConfig                      0x08003a54   Section        0  stm32f1xx_hal_tim.o(i.TIM_OC1_SetConfig)
    TIM_OC1_SetConfig                        0x08003a55   Thumb Code    74  stm32f1xx_hal_tim.o(i.TIM_OC1_SetConfig)
    i.TIM_OC2_SetConfig                      0x08003aa4   Section        0  stm32f1xx_hal_tim.o(i.TIM_OC2_SetConfig)
    i.TIM_OC3_SetConfig                      0x08003afc   Section        0  stm32f1xx_hal_tim.o(i.TIM_OC3_SetConfig)
    TIM_OC3_SetConfig                        0x08003afd   Thumb Code    82  stm32f1xx_hal_tim.o(i.TIM_OC3_SetConfig)
    i.TIM_OC4_SetConfig                      0x08003b54   Section        0  stm32f1xx_hal_tim.o(i.TIM_OC4_SetConfig)
    TIM_OC4_SetConfig                        0x08003b55   Thumb Code    64  stm32f1xx_hal_tim.o(i.TIM_OC4_SetConfig)
    i.TIM_TI1_ConfigInputStage               0x08003b98   Section        0  stm32f1xx_hal_tim.o(i.TIM_TI1_ConfigInputStage)
    TIM_TI1_ConfigInputStage                 0x08003b99   Thumb Code    34  stm32f1xx_hal_tim.o(i.TIM_TI1_ConfigInputStage)
    i.TIM_TI2_ConfigInputStage               0x08003bba   Section        0  stm32f1xx_hal_tim.o(i.TIM_TI2_ConfigInputStage)
    TIM_TI2_ConfigInputStage                 0x08003bbb   Thumb Code    36  stm32f1xx_hal_tim.o(i.TIM_TI2_ConfigInputStage)
    i.UART_DMAAbortOnError                   0x08003bde   Section        0  stm32f1xx_hal_uart.o(i.UART_DMAAbortOnError)
    UART_DMAAbortOnError                     0x08003bdf   Thumb Code    16  stm32f1xx_hal_uart.o(i.UART_DMAAbortOnError)
    i.UART_EndRxTransfer                     0x08003bee   Section        0  stm32f1xx_hal_uart.o(i.UART_EndRxTransfer)
    UART_EndRxTransfer                       0x08003bef   Thumb Code    78  stm32f1xx_hal_uart.o(i.UART_EndRxTransfer)
    i.UART_Receive_IT                        0x08003c3c   Section        0  stm32f1xx_hal_uart.o(i.UART_Receive_IT)
    UART_Receive_IT                          0x08003c3d   Thumb Code   194  stm32f1xx_hal_uart.o(i.UART_Receive_IT)
    i.UART_SetConfig                         0x08003d00   Section        0  stm32f1xx_hal_uart.o(i.UART_SetConfig)
    UART_SetConfig                           0x08003d01   Thumb Code   178  stm32f1xx_hal_uart.o(i.UART_SetConfig)
    i.UART_Start_Receive_IT                  0x08003db8   Section        0  stm32f1xx_hal_uart.o(i.UART_Start_Receive_IT)
    i.UART_WaitOnFlagUntilTimeout            0x08003dee   Section        0  stm32f1xx_hal_uart.o(i.UART_WaitOnFlagUntilTimeout)
    UART_WaitOnFlagUntilTimeout              0x08003def   Thumb Code   120  stm32f1xx_hal_uart.o(i.UART_WaitOnFlagUntilTimeout)
    i.USART1_IRQHandler                      0x08003e68   Section        0  stm32f1xx_it.o(i.USART1_IRQHandler)
    i.USART2_IRQHandler                      0x08003e74   Section        0  stm32f1xx_it.o(i.USART2_IRQHandler)
    i.UsageFault_Handler                     0x08003e80   Section        0  stm32f1xx_it.o(i.UsageFault_Handler)
    i.Verify_result                          0x08003e84   Section        0  fpm383c.o(i.Verify_result)
    i.__ARM_fpclassify                       0x08003eb8   Section        0  fpclassify.o(i.__ARM_fpclassify)
    i.__NVIC_SetPriority                     0x08003ee0   Section        0  stm32f1xx_hal_cortex.o(i.__NVIC_SetPriority)
    __NVIC_SetPriority                       0x08003ee1   Thumb Code    32  stm32f1xx_hal_cortex.o(i.__NVIC_SetPriority)
    i._is_digit                              0x08003f00   Section        0  __printf_wp.o(i._is_digit)
    i.fingerprint_matching_synchronization_cmd 0x08003f0e   Section        0  fpm383c.o(i.fingerprint_matching_synchronization_cmd)
    i.main                                   0x08003f2c   Section        0  main.o(i.main)
    i.send_l_d_noup                          0x080041b0   Section        0  ch9828.o(i.send_l_d_noup)
    i.send_l_u_noup                          0x080041dc   Section        0  ch9828.o(i.send_l_u_noup)
    i.send_r_d_noup                          0x08004208   Section        0  ch9828.o(i.send_r_d_noup)
    i.send_r_u_noup                          0x08004234   Section        0  ch9828.o(i.send_r_u_noup)
    locale$$code                             0x08004260   Section       44  lc_numeric_c.o(locale$$code)
    x$fpl$d2f                                0x0800428c   Section       98  d2f.o(x$fpl$d2f)
    x$fpl$dcheck1                            0x080042f0   Section       16  dcheck1.o(x$fpl$dcheck1)
    x$fpl$dmul                               0x08004300   Section      340  dmul.o(x$fpl$dmul)
    x$fpl$dnaninf                            0x08004454   Section      156  dnaninf.o(x$fpl$dnaninf)
    x$fpl$dretinf                            0x080044f0   Section       12  dretinf.o(x$fpl$dretinf)
    x$fpl$f2d                                0x080044fc   Section       86  f2d.o(x$fpl$f2d)
    x$fpl$ffltu                              0x08004554   Section       38  fflt_clz.o(x$fpl$ffltu)
    x$fpl$fnaninf                            0x0800457a   Section      140  fnaninf.o(x$fpl$fnaninf)
    x$fpl$fretinf                            0x08004606   Section       10  fretinf.o(x$fpl$fretinf)
    x$fpl$printf1                            0x08004610   Section        4  printf1.o(x$fpl$printf1)
    x$fpl$retnan                             0x08004614   Section      100  retnan.o(x$fpl$retnan)
    x$fpl$scalbn                             0x08004678   Section       92  scalbn.o(x$fpl$scalbn)
    x$fpl$trapveneer                         0x080046d4   Section       48  trapv.o(x$fpl$trapveneer)
    .constdata                               0x08004704   Section       18  stm32f1xx_hal_rcc.o(.constdata)
    x$fpl$usenofp                            0x08004704   Section        0  usenofp.o(x$fpl$usenofp)
    aPredivFactorTable                       0x08004704   Data           2  stm32f1xx_hal_rcc.o(.constdata)
    aPLLMULFactorTable                       0x08004706   Data          16  stm32f1xx_hal_rcc.o(.constdata)
    .constdata                               0x08004716   Section       18  stm32f1xx_hal_rcc_ex.o(.constdata)
    aPredivFactorTable                       0x08004716   Data           2  stm32f1xx_hal_rcc_ex.o(.constdata)
    aPLLMULFactorTable                       0x08004718   Data          16  stm32f1xx_hal_rcc_ex.o(.constdata)
    .constdata                               0x08004728   Section       16  system_stm32f1xx.o(.constdata)
    .constdata                               0x08004738   Section        8  system_stm32f1xx.o(.constdata)
    .constdata                               0x08004740   Section     1520  oled.o(.constdata)
    .constdata                               0x08004d30   Section      148  bigflt0.o(.constdata)
    tenpwrs_x                                0x08004d30   Data          60  bigflt0.o(.constdata)
    tenpwrs_i                                0x08004d6c   Data          64  bigflt0.o(.constdata)
    locale$$data                             0x08004de4   Section       28  lc_numeric_c.o(locale$$data)
    __lcnum_c_name                           0x08004de8   Data           2  lc_numeric_c.o(locale$$data)
    __lcnum_c_start                          0x08004df0   Data           0  lc_numeric_c.o(locale$$data)
    __lcnum_c_point                          0x08004dfc   Data           0  lc_numeric_c.o(locale$$data)
    __lcnum_c_thousands                      0x08004dfe   Data           0  lc_numeric_c.o(locale$$data)
    __lcnum_c_grouping                       0x08004dff   Data           0  lc_numeric_c.o(locale$$data)
    __lcnum_c_end                            0x08004e00   Data           0  lc_numeric_c.o(locale$$data)
    .data                                    0x20000000   Section       40  main.o(.data)
    time_10s                                 0x20000008   Data           4  main.o(.data)
    if_press_psw                             0x2000000c   Data           4  main.o(.data)
    .data                                    0x20000028   Section       12  stm32f1xx_hal.o(.data)
    .data                                    0x20000034   Section        4  system_stm32f1xx.o(.data)
    .data                                    0x20000038   Section        8  tim_callback.o(.data)
    .data                                    0x20000040   Section       10  fpm383c.o(.data)
    .bss                                     0x2000004c   Section      100  main.o(.bss)
    .bss                                     0x200000b0   Section      200  main.o(.bss)
    .bss                                     0x20000178   Section       96  adc.o(.bss)
    .bss                                     0x200001d8   Section       72  tim.o(.bss)
    .bss                                     0x20000220   Section      144  usart.o(.bss)
    .bss                                     0x200002b0   Section       46  fpm383c.o(.bss)
    .bss                                     0x200002e0   Section       96  libspace.o(.bss)
    HEAP                                     0x20000340   Section      512  startup_stm32f103xb.o(HEAP)
    Heap_Mem                                 0x20000340   Data         512  startup_stm32f103xb.o(HEAP)
    STACK                                    0x20000540   Section     1024  startup_stm32f103xb.o(STACK)
    Stack_Mem                                0x20000540   Data        1024  startup_stm32f103xb.o(STACK)
    __initial_sp                             0x20000940   Data           0  startup_stm32f103xb.o(STACK)

    Global Symbols

    Symbol Name                              Value     Ov Type        Size  Object(Section)

    BuildAttributes$$THM_ISAv4$P$D$K$B$S$PE$A:L22UL41UL21$X:L11$S22US41US21$IEEE1$IW$USESV6$~STKCKD$USESV7$~SHL$OTIME$ROPI$IEEEJ$EBA8$UX$STANDARDLIB$REQ8$PRES8$EABIv2 0x00000000   Number         0  anon$$obj.o ABSOLUTE
    __ARM_use_no_argv                        0x00000000   Number         0  main.o ABSOLUTE
    _printf_flags                            0x00000000   Number         0  printf_stubs.o ABSOLUTE
    _printf_return_value                     0x00000000   Number         0  printf_stubs.o ABSOLUTE
    _printf_sizespec                         0x00000000   Number         0  printf_stubs.o ABSOLUTE
    _printf_widthprec                        0x00000000   Number         0  printf_stubs.o ABSOLUTE
    __ARM_exceptions_init                     - Undefined Weak Reference
    __alloca_initialize                       - Undefined Weak Reference
    __arm_preinit_                            - Undefined Weak Reference
    __cpp_initialize__aeabi_                  - Undefined Weak Reference
    __cxa_finalize                            - Undefined Weak Reference
    __sigvec_lookup                           - Undefined Weak Reference
    _atexit_init                              - Undefined Weak Reference
    _call_atexit_fns                          - Undefined Weak Reference
    _clock_init                               - Undefined Weak Reference
    _fp_trap_init                             - Undefined Weak Reference
    _fp_trap_shutdown                         - Undefined Weak Reference
    _get_lc_collate                           - Undefined Weak Reference
    _get_lc_ctype                             - Undefined Weak Reference
    _get_lc_monetary                          - Undefined Weak Reference
    _get_lc_time                              - Undefined Weak Reference
    _getenv_init                              - Undefined Weak Reference
    _handle_redirection                       - Undefined Weak Reference
    _init_alloc                               - Undefined Weak Reference
    _init_user_alloc                          - Undefined Weak Reference
    _initio                                   - Undefined Weak Reference
    _printf_truncate_signed                   - Undefined Weak Reference
    _printf_truncate_unsigned                 - Undefined Weak Reference
    _rand_init                                - Undefined Weak Reference
    _signal_finish                            - Undefined Weak Reference
    _signal_init                              - Undefined Weak Reference
    _terminate_alloc                          - Undefined Weak Reference
    _terminate_user_alloc                     - Undefined Weak Reference
    _terminateio                              - Undefined Weak Reference
    __Vectors_Size                           0x000000ec   Number         0  startup_stm32f103xb.o ABSOLUTE
    __Vectors                                0x08000000   Data           4  startup_stm32f103xb.o(RESET)
    __Vectors_End                            0x080000ec   Data           0  startup_stm32f103xb.o(RESET)
    __main                                   0x080000ed   Thumb Code     8  __main.o(!!!main)
    __scatterload                            0x080000f5   Thumb Code     0  __scatter.o(!!!scatter)
    __scatterload_rt2                        0x080000f5   Thumb Code    44  __scatter.o(!!!scatter)
    __scatterload_rt2_thumb_only             0x080000f5   Thumb Code     0  __scatter.o(!!!scatter)
    __scatterload_null                       0x08000103   Thumb Code     0  __scatter.o(!!!scatter)
    __scatterload_copy                       0x08000129   Thumb Code    26  __scatter_copy.o(!!handler_copy)
    __scatterload_zeroinit                   0x08000145   Thumb Code    28  __scatter_zi.o(!!handler_zi)
    _printf_f                                0x08000161   Thumb Code     0  _printf_f.o(.ARM.Collect$$_printf_percent$$00000003)
    _printf_percent                          0x08000161   Thumb Code     0  _printf_percent.o(.ARM.Collect$$_printf_percent$$00000000)
    _printf_d                                0x08000167   Thumb Code     0  _printf_d.o(.ARM.Collect$$_printf_percent$$00000009)
    _printf_percent_end                      0x0800016d   Thumb Code     0  _printf_percent_end.o(.ARM.Collect$$_printf_percent$$00000017)
    __rt_lib_init                            0x08000171   Thumb Code     0  libinit.o(.ARM.Collect$$libinit$$00000000)
    __rt_lib_init_fp_1                       0x08000173   Thumb Code     0  libinit2.o(.ARM.Collect$$libinit$$00000002)
    __rt_lib_init_heap_1                     0x08000173   Thumb Code     0  libinit2.o(.ARM.Collect$$libinit$$0000000A)
    __rt_lib_init_lc_common                  0x08000173   Thumb Code     0  libinit2.o(.ARM.Collect$$libinit$$0000000F)
    __rt_lib_init_preinit_1                  0x08000173   Thumb Code     0  libinit2.o(.ARM.Collect$$libinit$$00000004)
    __rt_lib_init_rand_1                     0x08000173   Thumb Code     0  libinit2.o(.ARM.Collect$$libinit$$0000000E)
    __rt_lib_init_user_alloc_1               0x08000173   Thumb Code     0  libinit2.o(.ARM.Collect$$libinit$$0000000C)
    __rt_lib_init_lc_collate_1               0x08000179   Thumb Code     0  libinit2.o(.ARM.Collect$$libinit$$00000011)
    __rt_lib_init_lc_ctype_1                 0x08000179   Thumb Code     0  libinit2.o(.ARM.Collect$$libinit$$00000013)
    __rt_lib_init_lc_monetary_1              0x08000179   Thumb Code     0  libinit2.o(.ARM.Collect$$libinit$$00000015)
    __rt_lib_init_lc_numeric_2               0x08000179   Thumb Code     0  libinit2.o(.ARM.Collect$$libinit$$00000016)
    __rt_lib_init_alloca_1                   0x08000183   Thumb Code     0  libinit2.o(.ARM.Collect$$libinit$$0000002E)
    __rt_lib_init_argv_1                     0x08000183   Thumb Code     0  libinit2.o(.ARM.Collect$$libinit$$0000002C)
    __rt_lib_init_atexit_1                   0x08000183   Thumb Code     0  libinit2.o(.ARM.Collect$$libinit$$0000001B)
    __rt_lib_init_clock_1                    0x08000183   Thumb Code     0  libinit2.o(.ARM.Collect$$libinit$$00000021)
    __rt_lib_init_cpp_1                      0x08000183   Thumb Code     0  libinit2.o(.ARM.Collect$$libinit$$00000032)
    __rt_lib_init_exceptions_1               0x08000183   Thumb Code     0  libinit2.o(.ARM.Collect$$libinit$$00000030)
    __rt_lib_init_fp_trap_1                  0x08000183   Thumb Code     0  libinit2.o(.ARM.Collect$$libinit$$0000001F)
    __rt_lib_init_getenv_1                   0x08000183   Thumb Code     0  libinit2.o(.ARM.Collect$$libinit$$00000023)
    __rt_lib_init_lc_numeric_1               0x08000183   Thumb Code     0  libinit2.o(.ARM.Collect$$libinit$$00000017)
    __rt_lib_init_lc_time_1                  0x08000183   Thumb Code     0  libinit2.o(.ARM.Collect$$libinit$$00000019)
    __rt_lib_init_return                     0x08000183   Thumb Code     0  libinit2.o(.ARM.Collect$$libinit$$00000033)
    __rt_lib_init_signal_1                   0x08000183   Thumb Code     0  libinit2.o(.ARM.Collect$$libinit$$0000001D)
    __rt_lib_init_stdio_1                    0x08000183   Thumb Code     0  libinit2.o(.ARM.Collect$$libinit$$00000025)
    __rt_lib_shutdown                        0x08000185   Thumb Code     0  libshutdown.o(.ARM.Collect$$libshutdown$$00000000)
    __rt_lib_shutdown_cpp_1                  0x08000187   Thumb Code     0  libshutdown2.o(.ARM.Collect$$libshutdown$$00000002)
    __rt_lib_shutdown_fp_trap_1              0x08000187   Thumb Code     0  libshutdown2.o(.ARM.Collect$$libshutdown$$00000007)
    __rt_lib_shutdown_heap_1                 0x08000187   Thumb Code     0  libshutdown2.o(.ARM.Collect$$libshutdown$$0000000F)
    __rt_lib_shutdown_return                 0x08000187   Thumb Code     0  libshutdown2.o(.ARM.Collect$$libshutdown$$00000010)
    __rt_lib_shutdown_signal_1               0x08000187   Thumb Code     0  libshutdown2.o(.ARM.Collect$$libshutdown$$0000000A)
    __rt_lib_shutdown_stdio_1                0x08000187   Thumb Code     0  libshutdown2.o(.ARM.Collect$$libshutdown$$00000004)
    __rt_lib_shutdown_user_alloc_1           0x08000187   Thumb Code     0  libshutdown2.o(.ARM.Collect$$libshutdown$$0000000C)
    __rt_entry                               0x08000189   Thumb Code     0  __rtentry.o(.ARM.Collect$$rtentry$$00000000)
    __rt_entry_presh_1                       0x08000189   Thumb Code     0  __rtentry2.o(.ARM.Collect$$rtentry$$00000002)
    __rt_entry_sh                            0x08000189   Thumb Code     0  __rtentry4.o(.ARM.Collect$$rtentry$$00000004)
    __rt_entry_li                            0x0800018f   Thumb Code     0  __rtentry2.o(.ARM.Collect$$rtentry$$0000000A)
    __rt_entry_postsh_1                      0x0800018f   Thumb Code     0  __rtentry2.o(.ARM.Collect$$rtentry$$00000009)
    __rt_entry_main                          0x08000193   Thumb Code     0  __rtentry2.o(.ARM.Collect$$rtentry$$0000000D)
    __rt_entry_postli_1                      0x08000193   Thumb Code     0  __rtentry2.o(.ARM.Collect$$rtentry$$0000000C)
    __rt_exit                                0x0800019b   Thumb Code     0  rtexit.o(.ARM.Collect$$rtexit$$00000000)
    __rt_exit_ls                             0x0800019d   Thumb Code     0  rtexit2.o(.ARM.Collect$$rtexit$$00000003)
    __rt_exit_prels_1                        0x0800019d   Thumb Code     0  rtexit2.o(.ARM.Collect$$rtexit$$00000002)
    __rt_exit_exit                           0x080001a1   Thumb Code     0  rtexit2.o(.ARM.Collect$$rtexit$$00000004)
    Reset_Handler                            0x080001a9   Thumb Code     8  startup_stm32f103xb.o(.text)
    ADC1_2_IRQHandler                        0x080001c3   Thumb Code     0  startup_stm32f103xb.o(.text)
    CAN1_RX1_IRQHandler                      0x080001c3   Thumb Code     0  startup_stm32f103xb.o(.text)
    CAN1_SCE_IRQHandler                      0x080001c3   Thumb Code     0  startup_stm32f103xb.o(.text)
    DMA1_Channel1_IRQHandler                 0x080001c3   Thumb Code     0  startup_stm32f103xb.o(.text)
    DMA1_Channel2_IRQHandler                 0x080001c3   Thumb Code     0  startup_stm32f103xb.o(.text)
    DMA1_Channel3_IRQHandler                 0x080001c3   Thumb Code     0  startup_stm32f103xb.o(.text)
    DMA1_Channel4_IRQHandler                 0x080001c3   Thumb Code     0  startup_stm32f103xb.o(.text)
    DMA1_Channel5_IRQHandler                 0x080001c3   Thumb Code     0  startup_stm32f103xb.o(.text)
    DMA1_Channel6_IRQHandler                 0x080001c3   Thumb Code     0  startup_stm32f103xb.o(.text)
    DMA1_Channel7_IRQHandler                 0x080001c3   Thumb Code     0  startup_stm32f103xb.o(.text)
    EXTI0_IRQHandler                         0x080001c3   Thumb Code     0  startup_stm32f103xb.o(.text)
    EXTI15_10_IRQHandler                     0x080001c3   Thumb Code     0  startup_stm32f103xb.o(.text)
    EXTI1_IRQHandler                         0x080001c3   Thumb Code     0  startup_stm32f103xb.o(.text)
    EXTI2_IRQHandler                         0x080001c3   Thumb Code     0  startup_stm32f103xb.o(.text)
    EXTI3_IRQHandler                         0x080001c3   Thumb Code     0  startup_stm32f103xb.o(.text)
    EXTI4_IRQHandler                         0x080001c3   Thumb Code     0  startup_stm32f103xb.o(.text)
    EXTI9_5_IRQHandler                       0x080001c3   Thumb Code     0  startup_stm32f103xb.o(.text)
    FLASH_IRQHandler                         0x080001c3   Thumb Code     0  startup_stm32f103xb.o(.text)
    I2C1_ER_IRQHandler                       0x080001c3   Thumb Code     0  startup_stm32f103xb.o(.text)
    I2C1_EV_IRQHandler                       0x080001c3   Thumb Code     0  startup_stm32f103xb.o(.text)
    I2C2_ER_IRQHandler                       0x080001c3   Thumb Code     0  startup_stm32f103xb.o(.text)
    I2C2_EV_IRQHandler                       0x080001c3   Thumb Code     0  startup_stm32f103xb.o(.text)
    PVD_IRQHandler                           0x080001c3   Thumb Code     0  startup_stm32f103xb.o(.text)
    RCC_IRQHandler                           0x080001c3   Thumb Code     0  startup_stm32f103xb.o(.text)
    RTC_Alarm_IRQHandler                     0x080001c3   Thumb Code     0  startup_stm32f103xb.o(.text)
    RTC_IRQHandler                           0x080001c3   Thumb Code     0  startup_stm32f103xb.o(.text)
    SPI1_IRQHandler                          0x080001c3   Thumb Code     0  startup_stm32f103xb.o(.text)
    SPI2_IRQHandler                          0x080001c3   Thumb Code     0  startup_stm32f103xb.o(.text)
    TAMPER_IRQHandler                        0x080001c3   Thumb Code     0  startup_stm32f103xb.o(.text)
    TIM2_IRQHandler                          0x080001c3   Thumb Code     0  startup_stm32f103xb.o(.text)
    TIM3_IRQHandler                          0x080001c3   Thumb Code     0  startup_stm32f103xb.o(.text)
    TIM4_IRQHandler                          0x080001c3   Thumb Code     0  startup_stm32f103xb.o(.text)
    USART3_IRQHandler                        0x080001c3   Thumb Code     0  startup_stm32f103xb.o(.text)
    USBWakeUp_IRQHandler                     0x080001c3   Thumb Code     0  startup_stm32f103xb.o(.text)
    USB_HP_CAN1_TX_IRQHandler                0x080001c3   Thumb Code     0  startup_stm32f103xb.o(.text)
    USB_LP_CAN1_RX0_IRQHandler               0x080001c3   Thumb Code     0  startup_stm32f103xb.o(.text)
    WWDG_IRQHandler                          0x080001c3   Thumb Code     0  startup_stm32f103xb.o(.text)
    __user_initial_stackheap                 0x080001c5   Thumb Code     0  startup_stm32f103xb.o(.text)
    __2sprintf                               0x080001e9   Thumb Code    34  noretval__2sprintf.o(.text)
    _printf_pre_padding                      0x08000211   Thumb Code    44  _printf_pad.o(.text)
    _printf_post_padding                     0x0800023d   Thumb Code    34  _printf_pad.o(.text)
    _printf_int_dec                          0x08000261   Thumb Code   104  _printf_dec.o(.text)
    __printf                                 0x080002d9   Thumb Code   270  __printf_wp.o(.text)
    __aeabi_memclr4                          0x080003e7   Thumb Code     0  rt_memclr_w.o(.text)
    __aeabi_memclr8                          0x080003e7   Thumb Code     0  rt_memclr_w.o(.text)
    __rt_memclr_w                            0x080003e7   Thumb Code    78  rt_memclr_w.o(.text)
    _memset_w                                0x080003eb   Thumb Code     0  rt_memclr_w.o(.text)
    __use_two_region_memory                  0x08000435   Thumb Code     2  heapauxi.o(.text)
    __rt_heap_escrow$2region                 0x08000437   Thumb Code     2  heapauxi.o(.text)
    __rt_heap_expand$2region                 0x08000439   Thumb Code     2  heapauxi.o(.text)
    _printf_int_common                       0x0800043b   Thumb Code   178  _printf_intcommon.o(.text)
    __lib_sel_fp_printf                      0x080004ed   Thumb Code     2  _printf_fp_dec.o(.text)
    _printf_fp_dec_real                      0x0800069f   Thumb Code   620  _printf_fp_dec.o(.text)
    _printf_char_common                      0x08000917   Thumb Code    32  _printf_char_common.o(.text)
    _sputc                                   0x0800093d   Thumb Code    10  _sputc.o(.text)
    __rt_locale                              0x08000949   Thumb Code     8  rt_locale_intlibspace.o(.text)
    _ll_udiv10                               0x08000951   Thumb Code   138  lludiv10.o(.text)
    _printf_fp_infnan                        0x080009dd   Thumb Code   112  _printf_fp_infnan.o(.text)
    _btod_etento                             0x08000a5d   Thumb Code   224  bigflt0.o(.text)
    __user_libspace                          0x08000b41   Thumb Code     8  libspace.o(.text)
    __user_perproc_libspace                  0x08000b41   Thumb Code     0  libspace.o(.text)
    __user_perthread_libspace                0x08000b41   Thumb Code     0  libspace.o(.text)
    __user_setup_stackheap                   0x08000b49   Thumb Code    74  sys_stackheap_outer.o(.text)
    exit                                     0x08000b93   Thumb Code    18  exit.o(.text)
    strcmp                                   0x08000ba5   Thumb Code   128  strcmpv7m.o(.text)
    _sys_exit                                0x08000c25   Thumb Code     8  sys_exit.o(.text)
    __I$use$semihosting                      0x08000c31   Thumb Code     0  use_no_semi.o(.text)
    __use_no_semihosting_swi                 0x08000c31   Thumb Code     2  use_no_semi.o(.text)
    __semihosting_library_function           0x08000c33   Thumb Code     0  indicate_semi.o(.text)
    _btod_d2e                                0x08000c33   Thumb Code    62  btod.o(CL$$btod_d2e)
    _d2e_denorm_low                          0x08000c71   Thumb Code    70  btod.o(CL$$btod_d2e_denorm_low)
    _d2e_norm_op1                            0x08000cb7   Thumb Code    96  btod.o(CL$$btod_d2e_norm_op1)
    __btod_div_common                        0x08000d17   Thumb Code   696  btod.o(CL$$btod_div_common)
    _e2e                                     0x0800104f   Thumb Code   220  btod.o(CL$$btod_e2e)
    _btod_ediv                               0x0800112b   Thumb Code    42  btod.o(CL$$btod_ediv)
    _btod_emul                               0x08001155   Thumb Code    42  btod.o(CL$$btod_emul)
    __btod_mult_common                       0x0800117f   Thumb Code   580  btod.o(CL$$btod_mult_common)
    ADC_ConversionStop_Disable               0x080013c5   Thumb Code    86  stm32f1xx_hal_adc.o(i.ADC_ConversionStop_Disable)
    ADC_Enable                               0x0800141d   Thumb Code   114  stm32f1xx_hal_adc.o(i.ADC_Enable)
    BusFault_Handler                         0x08001499   Thumb Code     2  stm32f1xx_it.o(i.BusFault_Handler)
    DebugMon_Handler                         0x0800149b   Thumb Code     2  stm32f1xx_it.o(i.DebugMon_Handler)
    Error_Handler                            0x0800149d   Thumb Code     4  main.o(i.Error_Handler)
    Get_ADC_Value                            0x080014a1   Thumb Code   164  main.o(i.Get_ADC_Value)
    HAL_ADC_ConfigChannel                    0x08001555   Thumb Code   240  stm32f1xx_hal_adc.o(i.HAL_ADC_ConfigChannel)
    HAL_ADC_GetState                         0x08001651   Thumb Code     4  stm32f1xx_hal_adc.o(i.HAL_ADC_GetState)
    HAL_ADC_GetValue                         0x08001655   Thumb Code     6  stm32f1xx_hal_adc.o(i.HAL_ADC_GetValue)
    HAL_ADC_Init                             0x0800165d   Thumb Code   272  stm32f1xx_hal_adc.o(i.HAL_ADC_Init)
    HAL_ADC_MspInit                          0x08001779   Thumb Code   118  adc.o(i.HAL_ADC_MspInit)
    HAL_ADC_PollForConversion                0x08001801   Thumb Code   304  stm32f1xx_hal_adc.o(i.HAL_ADC_PollForConversion)
    HAL_ADC_Start                            0x0800193d   Thumb Code   184  stm32f1xx_hal_adc.o(i.HAL_ADC_Start)
    HAL_ADC_Stop                             0x080019fd   Thumb Code    52  stm32f1xx_hal_adc.o(i.HAL_ADC_Stop)
    HAL_DMA_Abort                            0x08001a31   Thumb Code    70  stm32f1xx_hal_dma.o(i.HAL_DMA_Abort)
    HAL_DMA_Abort_IT                         0x08001a79   Thumb Code   148  stm32f1xx_hal_dma.o(i.HAL_DMA_Abort_IT)
    HAL_Delay                                0x08001b11   Thumb Code    32  stm32f1xx_hal.o(i.HAL_Delay)
    HAL_GPIO_Init                            0x08001b35   Thumb Code   446  stm32f1xx_hal_gpio.o(i.HAL_GPIO_Init)
    HAL_GPIO_ReadPin                         0x08001d15   Thumb Code    10  stm32f1xx_hal_gpio.o(i.HAL_GPIO_ReadPin)
    HAL_GPIO_WritePin                        0x08001d1f   Thumb Code    10  stm32f1xx_hal_gpio.o(i.HAL_GPIO_WritePin)
    HAL_GetTick                              0x08001d29   Thumb Code     6  stm32f1xx_hal.o(i.HAL_GetTick)
    HAL_IncTick                              0x08001d35   Thumb Code    12  stm32f1xx_hal.o(i.HAL_IncTick)
    HAL_Init                                 0x08001d45   Thumb Code    32  stm32f1xx_hal.o(i.HAL_Init)
    HAL_InitTick                             0x08001d69   Thumb Code    54  stm32f1xx_hal.o(i.HAL_InitTick)
    HAL_MspInit                              0x08001da9   Thumb Code    52  stm32f1xx_hal_msp.o(i.HAL_MspInit)
    HAL_NVIC_EnableIRQ                       0x08001de5   Thumb Code    26  stm32f1xx_hal_cortex.o(i.HAL_NVIC_EnableIRQ)
    HAL_NVIC_SetPriority                     0x08001e01   Thumb Code    60  stm32f1xx_hal_cortex.o(i.HAL_NVIC_SetPriority)
    HAL_NVIC_SetPriorityGrouping             0x08001e41   Thumb Code    26  stm32f1xx_hal_cortex.o(i.HAL_NVIC_SetPriorityGrouping)
    HAL_RCCEx_GetPeriphCLKFreq               0x08001e65   Thumb Code   148  stm32f1xx_hal_rcc_ex.o(i.HAL_RCCEx_GetPeriphCLKFreq)
    HAL_RCCEx_PeriphCLKConfig                0x08001f09   Thumb Code   224  stm32f1xx_hal_rcc_ex.o(i.HAL_RCCEx_PeriphCLKConfig)
    HAL_RCC_ClockConfig                      0x08001ff5   Thumb Code   280  stm32f1xx_hal_rcc.o(i.HAL_RCC_ClockConfig)
    HAL_RCC_GetPCLK1Freq                     0x08002121   Thumb Code    20  stm32f1xx_hal_rcc.o(i.HAL_RCC_GetPCLK1Freq)
    HAL_RCC_GetPCLK2Freq                     0x08002141   Thumb Code    20  stm32f1xx_hal_rcc.o(i.HAL_RCC_GetPCLK2Freq)
    HAL_RCC_GetSysClockFreq                  0x08002161   Thumb Code    58  stm32f1xx_hal_rcc.o(i.HAL_RCC_GetSysClockFreq)
    HAL_RCC_OscConfig                        0x080021ad   Thumb Code   778  stm32f1xx_hal_rcc.o(i.HAL_RCC_OscConfig)
    HAL_SYSTICK_Config                       0x080024cd   Thumb Code    40  stm32f1xx_hal_cortex.o(i.HAL_SYSTICK_Config)
    HAL_TIMEx_BreakCallback                  0x080024f5   Thumb Code     2  stm32f1xx_hal_tim_ex.o(i.HAL_TIMEx_BreakCallback)
    HAL_TIMEx_CommutCallback                 0x080024f7   Thumb Code     2  stm32f1xx_hal_tim_ex.o(i.HAL_TIMEx_CommutCallback)
    HAL_TIMEx_ConfigBreakDeadTime            0x080024f9   Thumb Code    84  stm32f1xx_hal_tim_ex.o(i.HAL_TIMEx_ConfigBreakDeadTime)
    HAL_TIMEx_MasterConfigSynchronization    0x0800254d   Thumb Code    92  stm32f1xx_hal_tim_ex.o(i.HAL_TIMEx_MasterConfigSynchronization)
    HAL_TIM_Base_Init                        0x080025b5   Thumb Code    90  stm32f1xx_hal_tim.o(i.HAL_TIM_Base_Init)
    HAL_TIM_Base_MspInit                     0x08002611   Thumb Code    66  tim.o(i.HAL_TIM_Base_MspInit)
    HAL_TIM_Base_Start_IT                    0x0800265d   Thumb Code    76  stm32f1xx_hal_tim.o(i.HAL_TIM_Base_Start_IT)
    HAL_TIM_ConfigClockSource                0x080026b5   Thumb Code   220  stm32f1xx_hal_tim.o(i.HAL_TIM_ConfigClockSource)
    HAL_TIM_IC_CaptureCallback               0x08002791   Thumb Code     2  stm32f1xx_hal_tim.o(i.HAL_TIM_IC_CaptureCallback)
    HAL_TIM_IRQHandler                       0x08002793   Thumb Code   358  stm32f1xx_hal_tim.o(i.HAL_TIM_IRQHandler)
    HAL_TIM_MspPostInit                      0x080028f9   Thumb Code    64  tim.o(i.HAL_TIM_MspPostInit)
    HAL_TIM_OC_ConfigChannel                 0x08002945   Thumb Code    82  stm32f1xx_hal_tim.o(i.HAL_TIM_OC_ConfigChannel)
    HAL_TIM_OC_DelayElapsedCallback          0x08002997   Thumb Code     2  stm32f1xx_hal_tim.o(i.HAL_TIM_OC_DelayElapsedCallback)
    HAL_TIM_OC_Init                          0x08002999   Thumb Code    90  stm32f1xx_hal_tim.o(i.HAL_TIM_OC_Init)
    HAL_TIM_OC_MspInit                       0x080029f3   Thumb Code     2  stm32f1xx_hal_tim.o(i.HAL_TIM_OC_MspInit)
    HAL_TIM_PWM_PulseFinishedCallback        0x080029f5   Thumb Code     2  stm32f1xx_hal_tim.o(i.HAL_TIM_PWM_PulseFinishedCallback)
    HAL_TIM_PeriodElapsedCallback            0x080029f9   Thumb Code    24  tim_callback.o(i.HAL_TIM_PeriodElapsedCallback)
    HAL_TIM_TriggerCallback                  0x08002a19   Thumb Code     2  stm32f1xx_hal_tim.o(i.HAL_TIM_TriggerCallback)
    HAL_UARTEx_RxEventCallback               0x08002a1b   Thumb Code     2  stm32f1xx_hal_uart.o(i.HAL_UARTEx_RxEventCallback)
    HAL_UART_ErrorCallback                   0x08002a1d   Thumb Code     2  stm32f1xx_hal_uart.o(i.HAL_UART_ErrorCallback)
    HAL_UART_IRQHandler                      0x08002a21   Thumb Code   616  stm32f1xx_hal_uart.o(i.HAL_UART_IRQHandler)
    HAL_UART_Init                            0x08002c8d   Thumb Code   100  stm32f1xx_hal_uart.o(i.HAL_UART_Init)
    HAL_UART_MspInit                         0x08002cf1   Thumb Code   198  usart.o(i.HAL_UART_MspInit)
    HAL_UART_Receive_IT                      0x08002dc9   Thumb Code    28  stm32f1xx_hal_uart.o(i.HAL_UART_Receive_IT)
    HAL_UART_RxCpltCallback                  0x08002de5   Thumb Code    58  tim_callback.o(i.HAL_UART_RxCpltCallback)
    HAL_UART_Transmit                        0x08002e3d   Thumb Code   154  stm32f1xx_hal_uart.o(i.HAL_UART_Transmit)
    HAL_UART_TxCpltCallback                  0x08002ed7   Thumb Code     2  stm32f1xx_hal_uart.o(i.HAL_UART_TxCpltCallback)
    HardFault_Handler                        0x08002ed9   Thumb Code     2  stm32f1xx_it.o(i.HardFault_Handler)
    MX_ADC1_Init                             0x08002edd   Thumb Code    70  adc.o(i.MX_ADC1_Init)
    MX_ADC2_Init                             0x08002f2d   Thumb Code    70  adc.o(i.MX_ADC2_Init)
    MX_GPIO_Init                             0x08002f7d   Thumb Code   212  gpio.o(i.MX_GPIO_Init)
    MX_TIM1_Init                             0x08003061   Thumb Code   190  tim.o(i.MX_TIM1_Init)
    MX_USART1_UART_Init                      0x08003129   Thumb Code    48  usart.o(i.MX_USART1_UART_Init)
    MX_USART2_UART_Init                      0x08003161   Thumb Code    48  usart.o(i.MX_USART2_UART_Init)
    MemManage_Handler                        0x08003199   Thumb Code     2  stm32f1xx_it.o(i.MemManage_Handler)
    NMI_Handler                              0x0800319b   Thumb Code     2  stm32f1xx_it.o(i.NMI_Handler)
    OLED_Clear                               0x0800319d   Thumb Code    60  oled.o(i.OLED_Clear)
    OLED_Clear_Line                          0x080031d9   Thumb Code    64  oled.o(i.OLED_Clear_Line)
    OLED_Init                                0x08003219   Thumb Code   390  oled.o(i.OLED_Init)
    OLED_Set_Pos                             0x080033ad   Thumb Code    44  oled.o(i.OLED_Set_Pos)
    OLED_ShowChar                            0x080033d9   Thumb Code    94  oled.o(i.OLED_ShowChar)
    OLED_ShowString                          0x0800343d   Thumb Code    50  oled.o(i.OLED_ShowString)
    OLED_WR_Byte                             0x08003471   Thumb Code   108  oled.o(i.OLED_WR_Byte)
    PendSV_Handler                           0x080034e1   Thumb Code     2  stm32f1xx_it.o(i.PendSV_Handler)
    Rearrange_Rec                            0x080034e5   Thumb Code    56  fpm383c.o(i.Rearrange_Rec)
    SVC_Handler                              0x08003525   Thumb Code     2  stm32f1xx_it.o(i.SVC_Handler)
    Send_bigger                              0x08003529   Thumb Code    34  ch9828.o(i.Send_bigger)
    Send_down_noup                           0x08003555   Thumb Code    30  ch9828.o(i.Send_down_noup)
    Send_left_noup                           0x0800357d   Thumb Code    30  ch9828.o(i.Send_left_noup)
    Send_one_letter                          0x080035a5   Thumb Code    30  ch9828.o(i.Send_one_letter)
    Send_one_num                             0x080035cd   Thumb Code    48  ch9828.o(i.Send_one_num)
    Send_page_down                           0x08003605   Thumb Code    30  ch9828.o(i.Send_page_down)
    Send_page_up                             0x0800362d   Thumb Code    30  ch9828.o(i.Send_page_up)
    Send_password                            0x08003655   Thumb Code   102  ch9828.o(i.Send_password)
    Send_release                             0x080036bd   Thumb Code    26  ch9828.o(i.Send_release)
    Send_right_noup                          0x080036e1   Thumb Code    30  ch9828.o(i.Send_right_noup)
    Send_smaller                             0x08003709   Thumb Code    34  ch9828.o(i.Send_smaller)
    Send_up_noup                             0x08003735   Thumb Code    30  ch9828.o(i.Send_up_noup)
    Set_Frame_Password                       0x0800375d   Thumb Code    14  fpm383c.o(i.Set_Frame_Password)
    Set_Frame_cmd                            0x08003771   Thumb Code     8  fpm383c.o(i.Set_Frame_cmd)
    Set_Frame_head                           0x0800377d   Thumb Code    62  fpm383c.o(i.Set_Frame_head)
    Set_Frame_sum                            0x080037c1   Thumb Code    16  fpm383c.o(i.Set_Frame_sum)
    Set_Key_Val                              0x080037d5   Thumb Code   316  main.o(i.Set_Key_Val)
    SysTick_Handler                          0x0800391d   Thumb Code     4  stm32f1xx_it.o(i.SysTick_Handler)
    SystemClock_Config                       0x08003921   Thumb Code   114  main.o(i.SystemClock_Config)
    SystemInit                               0x08003993   Thumb Code     2  system_stm32f1xx.o(i.SystemInit)
    TIM1_BRK_IRQHandler                      0x08003995   Thumb Code     6  stm32f1xx_it.o(i.TIM1_BRK_IRQHandler)
    TIM1_CC_IRQHandler                       0x080039a1   Thumb Code     6  stm32f1xx_it.o(i.TIM1_CC_IRQHandler)
    TIM1_TRG_COM_IRQHandler                  0x080039ad   Thumb Code     6  stm32f1xx_it.o(i.TIM1_TRG_COM_IRQHandler)
    TIM1_UP_IRQHandler                       0x080039b9   Thumb Code     6  stm32f1xx_it.o(i.TIM1_UP_IRQHandler)
    TIM_Base_SetConfig                       0x080039c5   Thumb Code    94  stm32f1xx_hal_tim.o(i.TIM_Base_SetConfig)
    TIM_ETR_SetConfig                        0x08003a31   Thumb Code    20  stm32f1xx_hal_tim.o(i.TIM_ETR_SetConfig)
    TIM_OC2_SetConfig                        0x08003aa5   Thumb Code    84  stm32f1xx_hal_tim.o(i.TIM_OC2_SetConfig)
    UART_Start_Receive_IT                    0x08003db9   Thumb Code    54  stm32f1xx_hal_uart.o(i.UART_Start_Receive_IT)
    USART1_IRQHandler                        0x08003e69   Thumb Code     6  stm32f1xx_it.o(i.USART1_IRQHandler)
    USART2_IRQHandler                        0x08003e75   Thumb Code     6  stm32f1xx_it.o(i.USART2_IRQHandler)
    UsageFault_Handler                       0x08003e81   Thumb Code     2  stm32f1xx_it.o(i.UsageFault_Handler)
    Verify_result                            0x08003e85   Thumb Code    42  fpm383c.o(i.Verify_result)
    __ARM_fpclassify                         0x08003eb9   Thumb Code    40  fpclassify.o(i.__ARM_fpclassify)
    _is_digit                                0x08003f01   Thumb Code    14  __printf_wp.o(i._is_digit)
    fingerprint_matching_synchronization_cmd 0x08003f0f   Thumb Code    30  fpm383c.o(i.fingerprint_matching_synchronization_cmd)
    main                                     0x08003f2d   Thumb Code   506  main.o(i.main)
    send_l_d_noup                            0x080041b1   Thumb Code    34  ch9828.o(i.send_l_d_noup)
    send_l_u_noup                            0x080041dd   Thumb Code    34  ch9828.o(i.send_l_u_noup)
    send_r_d_noup                            0x08004209   Thumb Code    34  ch9828.o(i.send_r_d_noup)
    send_r_u_noup                            0x08004235   Thumb Code    34  ch9828.o(i.send_r_u_noup)
    _get_lc_numeric                          0x08004261   Thumb Code    44  lc_numeric_c.o(locale$$code)
    __aeabi_d2f                              0x0800428d   Thumb Code     0  d2f.o(x$fpl$d2f)
    _d2f                                     0x0800428d   Thumb Code    98  d2f.o(x$fpl$d2f)
    __fpl_dcheck_NaN1                        0x080042f1   Thumb Code    10  dcheck1.o(x$fpl$dcheck1)
    __aeabi_dmul                             0x08004301   Thumb Code     0  dmul.o(x$fpl$dmul)
    _dmul                                    0x08004301   Thumb Code   332  dmul.o(x$fpl$dmul)
    __fpl_dnaninf                            0x08004455   Thumb Code   156  dnaninf.o(x$fpl$dnaninf)
    __fpl_dretinf                            0x080044f1   Thumb Code    12  dretinf.o(x$fpl$dretinf)
    __aeabi_f2d                              0x080044fd   Thumb Code     0  f2d.o(x$fpl$f2d)
    _f2d                                     0x080044fd   Thumb Code    86  f2d.o(x$fpl$f2d)
    __aeabi_ui2f                             0x08004555   Thumb Code     0  fflt_clz.o(x$fpl$ffltu)
    _ffltu                                   0x08004555   Thumb Code    38  fflt_clz.o(x$fpl$ffltu)
    __fpl_fnaninf                            0x0800457b   Thumb Code   140  fnaninf.o(x$fpl$fnaninf)
    __fpl_fretinf                            0x08004607   Thumb Code    10  fretinf.o(x$fpl$fretinf)
    _printf_fp_dec                           0x08004611   Thumb Code     4  printf1.o(x$fpl$printf1)
    __fpl_return_NaN                         0x08004615   Thumb Code   100  retnan.o(x$fpl$retnan)
    __ARM_scalbn                             0x08004679   Thumb Code    92  scalbn.o(x$fpl$scalbn)
    __fpl_cmpreturn                          0x080046d5   Thumb Code    48  trapv.o(x$fpl$trapveneer)
    __I$use$fp                               0x08004704   Number         0  usenofp.o(x$fpl$usenofp)
    AHBPrescTable                            0x08004728   Data          16  system_stm32f1xx.o(.constdata)
    APBPrescTable                            0x08004738   Data           8  system_stm32f1xx.o(.constdata)
    F8X16                                    0x08004740   Data        1520  oled.o(.constdata)
    Region$$Table$$Base                      0x08004dc4   Number         0  anon$$obj.o(Region$$Table)
    Region$$Table$$Limit                     0x08004de4   Number         0  anon$$obj.o(Region$$Table)
    speed_key                                0x20000000   Data           1  main.o(.data)
    page_num                                 0x20000001   Data           1  main.o(.data)
    set_val_dev                              0x20000002   Data           2  main.o(.data)
    speed_cnt                                0x20000004   Data           4  main.o(.data)
    adc1_val                                 0x20000010   Data           4  main.o(.data)
    adc2_val                                 0x20000014   Data           4  main.o(.data)
    adc1_v                                   0x20000018   Data           4  main.o(.data)
    last_adc1_v                              0x2000001c   Data           4  main.o(.data)
    adc2_v                                   0x20000020   Data           4  main.o(.data)
    last_adc2_v                              0x20000024   Data           4  main.o(.data)
    uwTickFreq                               0x20000028   Data           1  stm32f1xx_hal.o(.data)
    uwTickPrio                               0x2000002c   Data           4  stm32f1xx_hal.o(.data)
    uwTick                                   0x20000030   Data           4  stm32f1xx_hal.o(.data)
    SystemCoreClock                          0x20000034   Data           4  system_stm32f1xx.o(.data)
    timcount                                 0x20000038   Data           4  tim_callback.o(.data)
    uart1_rx_flag                            0x2000003c   Data           4  tim_callback.o(.data)
    fpm_data                                 0x20000040   Data          10  fpm383c.o(.data)
    ch9828                                   0x2000004c   Data         100  main.o(.bss)
    uart1_rx                                 0x200000b0   Data         100  main.o(.bss)
    uart2_rx                                 0x20000114   Data         100  main.o(.bss)
    hadc1                                    0x20000178   Data          48  adc.o(.bss)
    hadc2                                    0x200001a8   Data          48  adc.o(.bss)
    htim1                                    0x200001d8   Data          72  tim.o(.bss)
    huart1                                   0x20000220   Data          72  usart.o(.bss)
    huart2                                   0x20000268   Data          72  usart.o(.bss)
    fpm_cmd                                  0x200002b0   Data          18  fpm383c.o(.bss)
    fpm_rec                                  0x200002c2   Data          28  fpm383c.o(.bss)
    __libspace_start                         0x200002e0   Data          96  libspace.o(.bss)
    __temporary_stack_top$libspace           0x20000340   Data           0  libspace.o(.bss)



==============================================================================

Memory Map of the image

  Image Entry point : 0x080000ed

  Load Region LR_IROM1 (Base: 0x08000000, Size: 0x00004e4c, Max: 0x00010000, ABSOLUTE)

    Execution Region ER_IROM1 (Exec base: 0x08000000, Load base: 0x08000000, Size: 0x00004e00, Max: 0x00010000, ABSOLUTE)

    Exec Addr    Load Addr    Size         Type   Attr      Idx    E Section Name        Object

    0x08000000   0x08000000   0x000000ec   Data   RO            3    RESET               startup_stm32f103xb.o
    0x080000ec   0x080000ec   0x00000008   Code   RO         3572  * !!!main             c_w.l(__main.o)
    0x080000f4   0x080000f4   0x00000034   Code   RO         3814    !!!scatter          c_w.l(__scatter.o)
    0x08000128   0x08000128   0x0000001a   Code   RO         3816    !!handler_copy      c_w.l(__scatter_copy.o)
    0x08000142   0x08000142   0x00000002   PAD
    0x08000144   0x08000144   0x0000001c   Code   RO         3818    !!handler_zi        c_w.l(__scatter_zi.o)
    0x08000160   0x08000160   0x00000000   Code   RO         3567    .ARM.Collect$$_printf_percent$$00000000  c_w.l(_printf_percent.o)
    0x08000160   0x08000160   0x00000006   Code   RO         3566    .ARM.Collect$$_printf_percent$$00000003  c_w.l(_printf_f.o)
    0x08000166   0x08000166   0x00000006   Code   RO         3565    .ARM.Collect$$_printf_percent$$00000009  c_w.l(_printf_d.o)
    0x0800016c   0x0800016c   0x00000004   Code   RO         3599    .ARM.Collect$$_printf_percent$$00000017  c_w.l(_printf_percent_end.o)
    0x08000170   0x08000170   0x00000002   Code   RO         3685    .ARM.Collect$$libinit$$00000000  c_w.l(libinit.o)
    0x08000172   0x08000172   0x00000000   Code   RO         3687    .ARM.Collect$$libinit$$00000002  c_w.l(libinit2.o)
    0x08000172   0x08000172   0x00000000   Code   RO         3689    .ARM.Collect$$libinit$$00000004  c_w.l(libinit2.o)
    0x08000172   0x08000172   0x00000000   Code   RO         3692    .ARM.Collect$$libinit$$0000000A  c_w.l(libinit2.o)
    0x08000172   0x08000172   0x00000000   Code   RO         3694    .ARM.Collect$$libinit$$0000000C  c_w.l(libinit2.o)
    0x08000172   0x08000172   0x00000000   Code   RO         3696    .ARM.Collect$$libinit$$0000000E  c_w.l(libinit2.o)
    0x08000172   0x08000172   0x00000006   Code   RO         3697    .ARM.Collect$$libinit$$0000000F  c_w.l(libinit2.o)
    0x08000178   0x08000178   0x00000000   Code   RO         3699    .ARM.Collect$$libinit$$00000011  c_w.l(libinit2.o)
    0x08000178   0x08000178   0x00000000   Code   RO         3701    .ARM.Collect$$libinit$$00000013  c_w.l(libinit2.o)
    0x08000178   0x08000178   0x00000000   Code   RO         3703    .ARM.Collect$$libinit$$00000015  c_w.l(libinit2.o)
    0x08000178   0x08000178   0x0000000a   Code   RO         3704    .ARM.Collect$$libinit$$00000016  c_w.l(libinit2.o)
    0x08000182   0x08000182   0x00000000   Code   RO         3705    .ARM.Collect$$libinit$$00000017  c_w.l(libinit2.o)
    0x08000182   0x08000182   0x00000000   Code   RO         3707    .ARM.Collect$$libinit$$00000019  c_w.l(libinit2.o)
    0x08000182   0x08000182   0x00000000   Code   RO         3709    .ARM.Collect$$libinit$$0000001B  c_w.l(libinit2.o)
    0x08000182   0x08000182   0x00000000   Code   RO         3711    .ARM.Collect$$libinit$$0000001D  c_w.l(libinit2.o)
    0x08000182   0x08000182   0x00000000   Code   RO         3713    .ARM.Collect$$libinit$$0000001F  c_w.l(libinit2.o)
    0x08000182   0x08000182   0x00000000   Code   RO         3715    .ARM.Collect$$libinit$$00000021  c_w.l(libinit2.o)
    0x08000182   0x08000182   0x00000000   Code   RO         3717    .ARM.Collect$$libinit$$00000023  c_w.l(libinit2.o)
    0x08000182   0x08000182   0x00000000   Code   RO         3719    .ARM.Collect$$libinit$$00000025  c_w.l(libinit2.o)
    0x08000182   0x08000182   0x00000000   Code   RO         3723    .ARM.Collect$$libinit$$0000002C  c_w.l(libinit2.o)
    0x08000182   0x08000182   0x00000000   Code   RO         3725    .ARM.Collect$$libinit$$0000002E  c_w.l(libinit2.o)
    0x08000182   0x08000182   0x00000000   Code   RO         3727    .ARM.Collect$$libinit$$00000030  c_w.l(libinit2.o)
    0x08000182   0x08000182   0x00000000   Code   RO         3729    .ARM.Collect$$libinit$$00000032  c_w.l(libinit2.o)
    0x08000182   0x08000182   0x00000002   Code   RO         3730    .ARM.Collect$$libinit$$00000033  c_w.l(libinit2.o)
    0x08000184   0x08000184   0x00000002   Code   RO         3762    .ARM.Collect$$libshutdown$$00000000  c_w.l(libshutdown.o)
    0x08000186   0x08000186   0x00000000   Code   RO         3773    .ARM.Collect$$libshutdown$$00000002  c_w.l(libshutdown2.o)
    0x08000186   0x08000186   0x00000000   Code   RO         3775    .ARM.Collect$$libshutdown$$00000004  c_w.l(libshutdown2.o)
    0x08000186   0x08000186   0x00000000   Code   RO         3778    .ARM.Collect$$libshutdown$$00000007  c_w.l(libshutdown2.o)
    0x08000186   0x08000186   0x00000000   Code   RO         3781    .ARM.Collect$$libshutdown$$0000000A  c_w.l(libshutdown2.o)
    0x08000186   0x08000186   0x00000000   Code   RO         3783    .ARM.Collect$$libshutdown$$0000000C  c_w.l(libshutdown2.o)
    0x08000186   0x08000186   0x00000000   Code   RO         3786    .ARM.Collect$$libshutdown$$0000000F  c_w.l(libshutdown2.o)
    0x08000186   0x08000186   0x00000002   Code   RO         3787    .ARM.Collect$$libshutdown$$00000010  c_w.l(libshutdown2.o)
    0x08000188   0x08000188   0x00000000   Code   RO         3590    .ARM.Collect$$rtentry$$00000000  c_w.l(__rtentry.o)
    0x08000188   0x08000188   0x00000000   Code   RO         3612    .ARM.Collect$$rtentry$$00000002  c_w.l(__rtentry2.o)
    0x08000188   0x08000188   0x00000006   Code   RO         3624    .ARM.Collect$$rtentry$$00000004  c_w.l(__rtentry4.o)
    0x0800018e   0x0800018e   0x00000000   Code   RO         3614    .ARM.Collect$$rtentry$$00000009  c_w.l(__rtentry2.o)
    0x0800018e   0x0800018e   0x00000004   Code   RO         3615    .ARM.Collect$$rtentry$$0000000A  c_w.l(__rtentry2.o)
    0x08000192   0x08000192   0x00000000   Code   RO         3617    .ARM.Collect$$rtentry$$0000000C  c_w.l(__rtentry2.o)
    0x08000192   0x08000192   0x00000008   Code   RO         3618    .ARM.Collect$$rtentry$$0000000D  c_w.l(__rtentry2.o)
    0x0800019a   0x0800019a   0x00000002   Code   RO         3733    .ARM.Collect$$rtexit$$00000000  c_w.l(rtexit.o)
    0x0800019c   0x0800019c   0x00000000   Code   RO         3740    .ARM.Collect$$rtexit$$00000002  c_w.l(rtexit2.o)
    0x0800019c   0x0800019c   0x00000004   Code   RO         3741    .ARM.Collect$$rtexit$$00000003  c_w.l(rtexit2.o)
    0x080001a0   0x080001a0   0x00000006   Code   RO         3742    .ARM.Collect$$rtexit$$00000004  c_w.l(rtexit2.o)
    0x080001a6   0x080001a6   0x00000002   PAD
    0x080001a8   0x080001a8   0x00000040   Code   RO            4    .text               startup_stm32f103xb.o
    0x080001e8   0x080001e8   0x00000028   Code   RO         3537    .text               c_w.l(noretval__2sprintf.o)
    0x08000210   0x08000210   0x0000004e   Code   RO         3541    .text               c_w.l(_printf_pad.o)
    0x0800025e   0x0800025e   0x00000002   PAD
    0x08000260   0x08000260   0x00000078   Code   RO         3543    .text               c_w.l(_printf_dec.o)
    0x080002d8   0x080002d8   0x0000010e   Code   RO         3553    .text               c_w.l(__printf_wp.o)
    0x080003e6   0x080003e6   0x0000004e   Code   RO         3568    .text               c_w.l(rt_memclr_w.o)
    0x08000434   0x08000434   0x00000006   Code   RO         3570    .text               c_w.l(heapauxi.o)
    0x0800043a   0x0800043a   0x000000b2   Code   RO         3591    .text               c_w.l(_printf_intcommon.o)
    0x080004ec   0x080004ec   0x0000041e   Code   RO         3593    .text               c_w.l(_printf_fp_dec.o)
    0x0800090a   0x0800090a   0x00000002   PAD
    0x0800090c   0x0800090c   0x00000030   Code   RO         3595    .text               c_w.l(_printf_char_common.o)
    0x0800093c   0x0800093c   0x0000000a   Code   RO         3597    .text               c_w.l(_sputc.o)
    0x08000946   0x08000946   0x00000002   PAD
    0x08000948   0x08000948   0x00000008   Code   RO         3629    .text               c_w.l(rt_locale_intlibspace.o)
    0x08000950   0x08000950   0x0000008a   Code   RO         3631    .text               c_w.l(lludiv10.o)
    0x080009da   0x080009da   0x00000002   PAD
    0x080009dc   0x080009dc   0x00000080   Code   RO         3633    .text               c_w.l(_printf_fp_infnan.o)
    0x08000a5c   0x08000a5c   0x000000e4   Code   RO         3637    .text               c_w.l(bigflt0.o)
    0x08000b40   0x08000b40   0x00000008   Code   RO         3671    .text               c_w.l(libspace.o)
    0x08000b48   0x08000b48   0x0000004a   Code   RO         3674    .text               c_w.l(sys_stackheap_outer.o)
    0x08000b92   0x08000b92   0x00000012   Code   RO         3676    .text               c_w.l(exit.o)
    0x08000ba4   0x08000ba4   0x00000080   Code   RO         3678    .text               c_w.l(strcmpv7m.o)
    0x08000c24   0x08000c24   0x0000000c   Code   RO         3752    .text               c_w.l(sys_exit.o)
    0x08000c30   0x08000c30   0x00000002   Code   RO         3763    .text               c_w.l(use_no_semi.o)
    0x08000c32   0x08000c32   0x00000000   Code   RO         3765    .text               c_w.l(indicate_semi.o)
    0x08000c32   0x08000c32   0x0000003e   Code   RO         3640    CL$$btod_d2e        c_w.l(btod.o)
    0x08000c70   0x08000c70   0x00000046   Code   RO         3642    CL$$btod_d2e_denorm_low  c_w.l(btod.o)
    0x08000cb6   0x08000cb6   0x00000060   Code   RO         3641    CL$$btod_d2e_norm_op1  c_w.l(btod.o)
    0x08000d16   0x08000d16   0x00000338   Code   RO         3650    CL$$btod_div_common  c_w.l(btod.o)
    0x0800104e   0x0800104e   0x000000dc   Code   RO         3647    CL$$btod_e2e        c_w.l(btod.o)
    0x0800112a   0x0800112a   0x0000002a   Code   RO         3644    CL$$btod_ediv       c_w.l(btod.o)
    0x08001154   0x08001154   0x0000002a   Code   RO         3643    CL$$btod_emul       c_w.l(btod.o)
    0x0800117e   0x0800117e   0x00000244   Code   RO         3649    CL$$btod_mult_common  c_w.l(btod.o)
    0x080013c2   0x080013c2   0x00000002   PAD
    0x080013c4   0x080013c4   0x00000056   Code   RO          543    i.ADC_ConversionStop_Disable  stm32f1xx_hal_adc.o
    0x0800141a   0x0800141a   0x00000002   PAD
    0x0800141c   0x0800141c   0x0000007c   Code   RO          547    i.ADC_Enable        stm32f1xx_hal_adc.o
    0x08001498   0x08001498   0x00000002   Code   RO          371    i.BusFault_Handler  stm32f1xx_it.o
    0x0800149a   0x0800149a   0x00000002   Code   RO          372    i.DebugMon_Handler  stm32f1xx_it.o
    0x0800149c   0x0800149c   0x00000004   Code   RO           13    i.Error_Handler     main.o
    0x080014a0   0x080014a0   0x000000b4   Code   RO           14    i.Get_ADC_Value     main.o
    0x08001554   0x08001554   0x000000fc   Code   RO          549    i.HAL_ADC_ConfigChannel  stm32f1xx_hal_adc.o
    0x08001650   0x08001650   0x00000004   Code   RO          555    i.HAL_ADC_GetState  stm32f1xx_hal_adc.o
    0x08001654   0x08001654   0x00000006   Code   RO          556    i.HAL_ADC_GetValue  stm32f1xx_hal_adc.o
    0x0800165a   0x0800165a   0x00000002   PAD
    0x0800165c   0x0800165c   0x0000011c   Code   RO          558    i.HAL_ADC_Init      stm32f1xx_hal_adc.o
    0x08001778   0x08001778   0x00000088   Code   RO          228    i.HAL_ADC_MspInit   adc.o
    0x08001800   0x08001800   0x0000013c   Code   RO          562    i.HAL_ADC_PollForConversion  stm32f1xx_hal_adc.o
    0x0800193c   0x0800193c   0x000000c0   Code   RO          564    i.HAL_ADC_Start     stm32f1xx_hal_adc.o
    0x080019fc   0x080019fc   0x00000034   Code   RO          567    i.HAL_ADC_Stop      stm32f1xx_hal_adc.o
    0x08001a30   0x08001a30   0x00000046   Code   RO         1200    i.HAL_DMA_Abort     stm32f1xx_hal_dma.o
    0x08001a76   0x08001a76   0x00000002   PAD
    0x08001a78   0x08001a78   0x00000098   Code   RO         1201    i.HAL_DMA_Abort_IT  stm32f1xx_hal_dma.o
    0x08001b10   0x08001b10   0x00000024   Code   RO          826    i.HAL_Delay         stm32f1xx_hal.o
    0x08001b34   0x08001b34   0x000001e0   Code   RO         1136    i.HAL_GPIO_Init     stm32f1xx_hal_gpio.o
    0x08001d14   0x08001d14   0x0000000a   Code   RO         1138    i.HAL_GPIO_ReadPin  stm32f1xx_hal_gpio.o
    0x08001d1e   0x08001d1e   0x0000000a   Code   RO         1140    i.HAL_GPIO_WritePin  stm32f1xx_hal_gpio.o
    0x08001d28   0x08001d28   0x0000000c   Code   RO          830    i.HAL_GetTick       stm32f1xx_hal.o
    0x08001d34   0x08001d34   0x00000010   Code   RO          836    i.HAL_IncTick       stm32f1xx_hal.o
    0x08001d44   0x08001d44   0x00000024   Code   RO          837    i.HAL_Init          stm32f1xx_hal.o
    0x08001d68   0x08001d68   0x00000040   Code   RO          838    i.HAL_InitTick      stm32f1xx_hal.o
    0x08001da8   0x08001da8   0x0000003c   Code   RO          483    i.HAL_MspInit       stm32f1xx_hal_msp.o
    0x08001de4   0x08001de4   0x0000001a   Code   RO         1296    i.HAL_NVIC_EnableIRQ  stm32f1xx_hal_cortex.o
    0x08001dfe   0x08001dfe   0x00000002   PAD
    0x08001e00   0x08001e00   0x00000040   Code   RO         1302    i.HAL_NVIC_SetPriority  stm32f1xx_hal_cortex.o
    0x08001e40   0x08001e40   0x00000024   Code   RO         1303    i.HAL_NVIC_SetPriorityGrouping  stm32f1xx_hal_cortex.o
    0x08001e64   0x08001e64   0x000000a4   Code   RO         1097    i.HAL_RCCEx_GetPeriphCLKFreq  stm32f1xx_hal_rcc_ex.o
    0x08001f08   0x08001f08   0x000000ec   Code   RO         1098    i.HAL_RCCEx_PeriphCLKConfig  stm32f1xx_hal_rcc_ex.o
    0x08001ff4   0x08001ff4   0x0000012c   Code   RO          994    i.HAL_RCC_ClockConfig  stm32f1xx_hal_rcc.o
    0x08002120   0x08002120   0x00000020   Code   RO         1001    i.HAL_RCC_GetPCLK1Freq  stm32f1xx_hal_rcc.o
    0x08002140   0x08002140   0x00000020   Code   RO         1002    i.HAL_RCC_GetPCLK2Freq  stm32f1xx_hal_rcc.o
    0x08002160   0x08002160   0x0000004c   Code   RO         1003    i.HAL_RCC_GetSysClockFreq  stm32f1xx_hal_rcc.o
    0x080021ac   0x080021ac   0x00000320   Code   RO         1006    i.HAL_RCC_OscConfig  stm32f1xx_hal_rcc.o
    0x080024cc   0x080024cc   0x00000028   Code   RO         1307    i.HAL_SYSTICK_Config  stm32f1xx_hal_cortex.o
    0x080024f4   0x080024f4   0x00000002   Code   RO         2502    i.HAL_TIMEx_BreakCallback  stm32f1xx_hal_tim_ex.o
    0x080024f6   0x080024f6   0x00000002   Code   RO         2503    i.HAL_TIMEx_CommutCallback  stm32f1xx_hal_tim_ex.o
    0x080024f8   0x080024f8   0x00000054   Code   RO         2505    i.HAL_TIMEx_ConfigBreakDeadTime  stm32f1xx_hal_tim_ex.o
    0x0800254c   0x0800254c   0x00000068   Code   RO         2521    i.HAL_TIMEx_MasterConfigSynchronization  stm32f1xx_hal_tim_ex.o
    0x080025b4   0x080025b4   0x0000005a   Code   RO         1798    i.HAL_TIM_Base_Init  stm32f1xx_hal_tim.o
    0x0800260e   0x0800260e   0x00000002   PAD
    0x08002610   0x08002610   0x0000004c   Code   RO          276    i.HAL_TIM_Base_MspInit  tim.o
    0x0800265c   0x0800265c   0x00000058   Code   RO         1803    i.HAL_TIM_Base_Start_IT  stm32f1xx_hal_tim.o
    0x080026b4   0x080026b4   0x000000dc   Code   RO         1807    i.HAL_TIM_ConfigClockSource  stm32f1xx_hal_tim.o
    0x08002790   0x08002790   0x00000002   Code   RO         1832    i.HAL_TIM_IC_CaptureCallback  stm32f1xx_hal_tim.o
    0x08002792   0x08002792   0x00000166   Code   RO         1846    i.HAL_TIM_IRQHandler  stm32f1xx_hal_tim.o
    0x080028f8   0x080028f8   0x0000004c   Code   RO          277    i.HAL_TIM_MspPostInit  tim.o
    0x08002944   0x08002944   0x00000052   Code   RO         1847    i.HAL_TIM_OC_ConfigChannel  stm32f1xx_hal_tim.o
    0x08002996   0x08002996   0x00000002   Code   RO         1849    i.HAL_TIM_OC_DelayElapsedCallback  stm32f1xx_hal_tim.o
    0x08002998   0x08002998   0x0000005a   Code   RO         1851    i.HAL_TIM_OC_Init   stm32f1xx_hal_tim.o
    0x080029f2   0x080029f2   0x00000002   Code   RO         1853    i.HAL_TIM_OC_MspInit  stm32f1xx_hal_tim.o
    0x080029f4   0x080029f4   0x00000002   Code   RO         1876    i.HAL_TIM_PWM_PulseFinishedCallback  stm32f1xx_hal_tim.o
    0x080029f6   0x080029f6   0x00000002   PAD
    0x080029f8   0x080029f8   0x00000020   Code   RO         3282    i.HAL_TIM_PeriodElapsedCallback  tim_callback.o
    0x08002a18   0x08002a18   0x00000002   Code   RO         1889    i.HAL_TIM_TriggerCallback  stm32f1xx_hal_tim.o
    0x08002a1a   0x08002a1a   0x00000002   Code   RO         2781    i.HAL_UARTEx_RxEventCallback  stm32f1xx_hal_uart.o
    0x08002a1c   0x08002a1c   0x00000002   Code   RO         2795    i.HAL_UART_ErrorCallback  stm32f1xx_hal_uart.o
    0x08002a1e   0x08002a1e   0x00000002   PAD
    0x08002a20   0x08002a20   0x0000026c   Code   RO         2798    i.HAL_UART_IRQHandler  stm32f1xx_hal_uart.o
    0x08002c8c   0x08002c8c   0x00000064   Code   RO         2799    i.HAL_UART_Init     stm32f1xx_hal_uart.o
    0x08002cf0   0x08002cf0   0x000000d8   Code   RO          324    i.HAL_UART_MspInit  usart.o
    0x08002dc8   0x08002dc8   0x0000001c   Code   RO         2804    i.HAL_UART_Receive_IT  stm32f1xx_hal_uart.o
    0x08002de4   0x08002de4   0x00000058   Code   RO         3283    i.HAL_UART_RxCpltCallback  tim_callback.o
    0x08002e3c   0x08002e3c   0x0000009a   Code   RO         2807    i.HAL_UART_Transmit  stm32f1xx_hal_uart.o
    0x08002ed6   0x08002ed6   0x00000002   Code   RO         2810    i.HAL_UART_TxCpltCallback  stm32f1xx_hal_uart.o
    0x08002ed8   0x08002ed8   0x00000002   Code   RO          373    i.HardFault_Handler  stm32f1xx_it.o
    0x08002eda   0x08002eda   0x00000002   PAD
    0x08002edc   0x08002edc   0x00000050   Code   RO          229    i.MX_ADC1_Init      adc.o
    0x08002f2c   0x08002f2c   0x00000050   Code   RO          230    i.MX_ADC2_Init      adc.o
    0x08002f7c   0x08002f7c   0x000000e4   Code   RO          199    i.MX_GPIO_Init      gpio.o
    0x08003060   0x08003060   0x000000c8   Code   RO          278    i.MX_TIM1_Init      tim.o
    0x08003128   0x08003128   0x00000038   Code   RO          325    i.MX_USART1_UART_Init  usart.o
    0x08003160   0x08003160   0x00000038   Code   RO          326    i.MX_USART2_UART_Init  usart.o
    0x08003198   0x08003198   0x00000002   Code   RO          374    i.MemManage_Handler  stm32f1xx_it.o
    0x0800319a   0x0800319a   0x00000002   Code   RO          375    i.NMI_Handler       stm32f1xx_it.o
    0x0800319c   0x0800319c   0x0000003c   Code   RO         3170    i.OLED_Clear        oled.o
    0x080031d8   0x080031d8   0x00000040   Code   RO         3171    i.OLED_Clear_Line   oled.o
    0x08003218   0x08003218   0x00000194   Code   RO         3175    i.OLED_Init         oled.o
    0x080033ac   0x080033ac   0x0000002c   Code   RO         3176    i.OLED_Set_Pos      oled.o
    0x080033d8   0x080033d8   0x00000064   Code   RO         3178    i.OLED_ShowChar     oled.o
    0x0800343c   0x0800343c   0x00000032   Code   RO         3180    i.OLED_ShowString   oled.o
    0x0800346e   0x0800346e   0x00000002   PAD
    0x08003470   0x08003470   0x00000070   Code   RO         3181    i.OLED_WR_Byte      oled.o
    0x080034e0   0x080034e0   0x00000002   Code   RO          376    i.PendSV_Handler    stm32f1xx_it.o
    0x080034e2   0x080034e2   0x00000002   PAD
    0x080034e4   0x080034e4   0x00000040   Code   RO         3322    i.Rearrange_Rec     fpm383c.o
    0x08003524   0x08003524   0x00000002   Code   RO          377    i.SVC_Handler       stm32f1xx_it.o
    0x08003526   0x08003526   0x00000002   PAD
    0x08003528   0x08003528   0x0000002c   Code   RO         3393    i.Send_bigger       ch9828.o
    0x08003554   0x08003554   0x00000028   Code   RO         3395    i.Send_down_noup    ch9828.o
    0x0800357c   0x0800357c   0x00000028   Code   RO         3397    i.Send_left_noup    ch9828.o
    0x080035a4   0x080035a4   0x00000028   Code   RO         3398    i.Send_one_letter   ch9828.o
    0x080035cc   0x080035cc   0x00000038   Code   RO         3399    i.Send_one_num      ch9828.o
    0x08003604   0x08003604   0x00000028   Code   RO         3400    i.Send_page_down    ch9828.o
    0x0800362c   0x0800362c   0x00000028   Code   RO         3401    i.Send_page_up      ch9828.o
    0x08003654   0x08003654   0x00000066   Code   RO         3402    i.Send_password     ch9828.o
    0x080036ba   0x080036ba   0x00000002   PAD
    0x080036bc   0x080036bc   0x00000024   Code   RO         3403    i.Send_release      ch9828.o
    0x080036e0   0x080036e0   0x00000028   Code   RO         3405    i.Send_right_noup   ch9828.o
    0x08003708   0x08003708   0x0000002c   Code   RO         3406    i.Send_smaller      ch9828.o
    0x08003734   0x08003734   0x00000028   Code   RO         3408    i.Send_up_noup      ch9828.o
    0x0800375c   0x0800375c   0x00000014   Code   RO         3323    i.Set_Frame_Password  fpm383c.o
    0x08003770   0x08003770   0x0000000c   Code   RO         3324    i.Set_Frame_cmd     fpm383c.o
    0x0800377c   0x0800377c   0x00000044   Code   RO         3325    i.Set_Frame_head    fpm383c.o
    0x080037c0   0x080037c0   0x00000014   Code   RO         3326    i.Set_Frame_sum     fpm383c.o
    0x080037d4   0x080037d4   0x00000148   Code   RO           15    i.Set_Key_Val       main.o
    0x0800391c   0x0800391c   0x00000004   Code   RO          378    i.SysTick_Handler   stm32f1xx_it.o
    0x08003920   0x08003920   0x00000072   Code   RO           16    i.SystemClock_Config  main.o
    0x08003992   0x08003992   0x00000002   Code   RO         3133    i.SystemInit        system_stm32f1xx.o
    0x08003994   0x08003994   0x0000000c   Code   RO          379    i.TIM1_BRK_IRQHandler  stm32f1xx_it.o
    0x080039a0   0x080039a0   0x0000000c   Code   RO          380    i.TIM1_CC_IRQHandler  stm32f1xx_it.o
    0x080039ac   0x080039ac   0x0000000c   Code   RO          381    i.TIM1_TRG_COM_IRQHandler  stm32f1xx_it.o
    0x080039b8   0x080039b8   0x0000000c   Code   RO          382    i.TIM1_UP_IRQHandler  stm32f1xx_it.o
    0x080039c4   0x080039c4   0x0000006c   Code   RO         1891    i.TIM_Base_SetConfig  stm32f1xx_hal_tim.o
    0x08003a30   0x08003a30   0x00000014   Code   RO         1902    i.TIM_ETR_SetConfig  stm32f1xx_hal_tim.o
    0x08003a44   0x08003a44   0x00000010   Code   RO         1903    i.TIM_ITRx_SetConfig  stm32f1xx_hal_tim.o
    0x08003a54   0x08003a54   0x00000050   Code   RO         1904    i.TIM_OC1_SetConfig  stm32f1xx_hal_tim.o
    0x08003aa4   0x08003aa4   0x00000058   Code   RO         1905    i.TIM_OC2_SetConfig  stm32f1xx_hal_tim.o
    0x08003afc   0x08003afc   0x00000058   Code   RO         1906    i.TIM_OC3_SetConfig  stm32f1xx_hal_tim.o
    0x08003b54   0x08003b54   0x00000044   Code   RO         1907    i.TIM_OC4_SetConfig  stm32f1xx_hal_tim.o
    0x08003b98   0x08003b98   0x00000022   Code   RO         1909    i.TIM_TI1_ConfigInputStage  stm32f1xx_hal_tim.o
    0x08003bba   0x08003bba   0x00000024   Code   RO         1911    i.TIM_TI2_ConfigInputStage  stm32f1xx_hal_tim.o
    0x08003bde   0x08003bde   0x00000010   Code   RO         2812    i.UART_DMAAbortOnError  stm32f1xx_hal_uart.o
    0x08003bee   0x08003bee   0x0000004e   Code   RO         2822    i.UART_EndRxTransfer  stm32f1xx_hal_uart.o
    0x08003c3c   0x08003c3c   0x000000c2   Code   RO         2824    i.UART_Receive_IT   stm32f1xx_hal_uart.o
    0x08003cfe   0x08003cfe   0x00000002   PAD
    0x08003d00   0x08003d00   0x000000b8   Code   RO         2825    i.UART_SetConfig    stm32f1xx_hal_uart.o
    0x08003db8   0x08003db8   0x00000036   Code   RO         2827    i.UART_Start_Receive_IT  stm32f1xx_hal_uart.o
    0x08003dee   0x08003dee   0x00000078   Code   RO         2828    i.UART_WaitOnFlagUntilTimeout  stm32f1xx_hal_uart.o
    0x08003e66   0x08003e66   0x00000002   PAD
    0x08003e68   0x08003e68   0x0000000c   Code   RO          383    i.USART1_IRQHandler  stm32f1xx_it.o
    0x08003e74   0x08003e74   0x0000000c   Code   RO          384    i.USART2_IRQHandler  stm32f1xx_it.o
    0x08003e80   0x08003e80   0x00000002   Code   RO          385    i.UsageFault_Handler  stm32f1xx_it.o
    0x08003e82   0x08003e82   0x00000002   PAD
    0x08003e84   0x08003e84   0x00000034   Code   RO         3327    i.Verify_result     fpm383c.o
    0x08003eb8   0x08003eb8   0x00000028   Code   RO         3669    i.__ARM_fpclassify  m_ws.l(fpclassify.o)
    0x08003ee0   0x08003ee0   0x00000020   Code   RO         1309    i.__NVIC_SetPriority  stm32f1xx_hal_cortex.o
    0x08003f00   0x08003f00   0x0000000e   Code   RO         3555    i._is_digit         c_w.l(__printf_wp.o)
    0x08003f0e   0x08003f0e   0x0000001e   Code   RO         3329    i.fingerprint_matching_synchronization_cmd  fpm383c.o
    0x08003f2c   0x08003f2c   0x00000284   Code   RO           17    i.main              main.o
    0x080041b0   0x080041b0   0x0000002c   Code   RO         3409    i.send_l_d_noup     ch9828.o
    0x080041dc   0x080041dc   0x0000002c   Code   RO         3410    i.send_l_u_noup     ch9828.o
    0x08004208   0x08004208   0x0000002c   Code   RO         3411    i.send_r_d_noup     ch9828.o
    0x08004234   0x08004234   0x0000002c   Code   RO         3412    i.send_r_u_noup     ch9828.o
    0x08004260   0x08004260   0x0000002c   Code   RO         3663    locale$$code        c_w.l(lc_numeric_c.o)
    0x0800428c   0x0800428c   0x00000062   Code   RO         3574    x$fpl$d2f           fz_ws.l(d2f.o)
    0x080042ee   0x080042ee   0x00000002   PAD
    0x080042f0   0x080042f0   0x00000010   Code   RO         3600    x$fpl$dcheck1       fz_ws.l(dcheck1.o)
    0x08004300   0x08004300   0x00000154   Code   RO         3576    x$fpl$dmul          fz_ws.l(dmul.o)
    0x08004454   0x08004454   0x0000009c   Code   RO         3602    x$fpl$dnaninf       fz_ws.l(dnaninf.o)
    0x080044f0   0x080044f0   0x0000000c   Code   RO         3604    x$fpl$dretinf       fz_ws.l(dretinf.o)
    0x080044fc   0x080044fc   0x00000056   Code   RO         3578    x$fpl$f2d           fz_ws.l(f2d.o)
    0x08004552   0x08004552   0x00000002   PAD
    0x08004554   0x08004554   0x00000026   Code   RO         3580    x$fpl$ffltu         fz_ws.l(fflt_clz.o)
    0x0800457a   0x0800457a   0x0000008c   Code   RO         3606    x$fpl$fnaninf       fz_ws.l(fnaninf.o)
    0x08004606   0x08004606   0x0000000a   Code   RO         3608    x$fpl$fretinf       fz_ws.l(fretinf.o)
    0x08004610   0x08004610   0x00000004   Code   RO         3586    x$fpl$printf1       fz_ws.l(printf1.o)
    0x08004614   0x08004614   0x00000064   Code   RO         3667    x$fpl$retnan        fz_ws.l(retnan.o)
    0x08004678   0x08004678   0x0000005c   Code   RO         3588    x$fpl$scalbn        fz_ws.l(scalbn.o)
    0x080046d4   0x080046d4   0x00000030   Code   RO         3731    x$fpl$trapveneer    fz_ws.l(trapv.o)
    0x08004704   0x08004704   0x00000000   Code   RO         3610    x$fpl$usenofp       fz_ws.l(usenofp.o)
    0x08004704   0x08004704   0x00000012   Data   RO         1007    .constdata          stm32f1xx_hal_rcc.o
    0x08004716   0x08004716   0x00000012   Data   RO         1099    .constdata          stm32f1xx_hal_rcc_ex.o
    0x08004728   0x08004728   0x00000010   Data   RO         3134    .constdata          system_stm32f1xx.o
    0x08004738   0x08004738   0x00000008   Data   RO         3135    .constdata          system_stm32f1xx.o
    0x08004740   0x08004740   0x000005f0   Data   RO         3184    .constdata          oled.o
    0x08004d30   0x08004d30   0x00000094   Data   RO         3638    .constdata          c_w.l(bigflt0.o)
    0x08004dc4   0x08004dc4   0x00000020   Data   RO         3812    Region$$Table       anon$$obj.o
    0x08004de4   0x08004de4   0x0000001c   Data   RO         3662    locale$$data        c_w.l(lc_numeric_c.o)


    Execution Region RW_IRAM1 (Exec base: 0x20000000, Load base: 0x08004e00, Size: 0x00000940, Max: 0x00005000, ABSOLUTE)

    Exec Addr    Load Addr    Size         Type   Attr      Idx    E Section Name        Object

    0x20000000   0x08004e00   0x00000028   Data   RW           20    .data               main.o
    0x20000028   0x08004e28   0x0000000c   Data   RW          844    .data               stm32f1xx_hal.o
    0x20000034   0x08004e34   0x00000004   Data   RW         3136    .data               system_stm32f1xx.o
    0x20000038   0x08004e38   0x00000008   Data   RW         3284    .data               tim_callback.o
    0x20000040   0x08004e40   0x0000000a   Data   RW         3331    .data               fpm383c.o
    0x2000004a   0x08004e4a   0x00000002   PAD
    0x2000004c        -       0x00000064   Zero   RW           18    .bss                main.o
    0x200000b0        -       0x000000c8   Zero   RW           19    .bss                main.o
    0x20000178        -       0x00000060   Zero   RW          231    .bss                adc.o
    0x200001d8        -       0x00000048   Zero   RW          279    .bss                tim.o
    0x20000220        -       0x00000090   Zero   RW          327    .bss                usart.o
    0x200002b0        -       0x0000002e   Zero   RW         3330    .bss                fpm383c.o
    0x200002de   0x08004e4a   0x00000002   PAD
    0x200002e0        -       0x00000060   Zero   RW         3672    .bss                c_w.l(libspace.o)
    0x20000340        -       0x00000200   Zero   RW            2    HEAP                startup_stm32f103xb.o
    0x20000540        -       0x00000400   Zero   RW            1    STACK               startup_stm32f103xb.o


==============================================================================

Image component sizes


      Code (inc. data)   RO Data    RW Data    ZI Data      Debug   Object Name

       296         38          0          0         96       2282   adc.o
       738        148          0          0          0       8332   ch9828.o
       266         38          0         10         46       4684   fpm383c.o
       228         16          0          0          0        979   gpio.o
      1270        166          0         40        300     445158   main.o
       834         24       1520          0          0       5529   oled.o
        64         26        236          0       1536        808   startup_stm32f103xb.o
       164         28          0         12          0       5869   stm32f1xx_hal.o
      1316         54          0          0          0       7738   stm32f1xx_hal_adc.o
       198         14          0          0          0      28911   stm32f1xx_hal_cortex.o
       222          4          0          0          0       1759   stm32f1xx_hal_dma.o
       500         34          0          0          0       3503   stm32f1xx_hal_gpio.o
        60          8          0          0          0        862   stm32f1xx_hal_msp.o
      1240         84         18          0          0       5088   stm32f1xx_hal_rcc.o
       400         28         18          0          0       2453   stm32f1xx_hal_rcc_ex.o
      1476         46          0          0          0      14435   stm32f1xx_hal_tim.o
       192         12          0          0          0       3169   stm32f1xx_hal_tim_ex.o
      1554         10          0          0          0      10832   stm32f1xx_hal_uart.o
        92         36          0          0          0       6436   stm32f1xx_it.o
         2          0         24          4          0       1107   system_stm32f1xx.o
       352         32          0          0         72       2380   tim.o
       120         38          0          8          0       1667   tim_callback.o
       328         34          0          0        144       2343   usart.o

    ----------------------------------------------------------------------
     11942        918       1848         76       2196     566324   Object Totals
         0          0         32          0          0          0   (incl. Generated)
        30          0          0          2          2          0   (incl. Padding)

    ----------------------------------------------------------------------

      Code (inc. data)   RO Data    RW Data    ZI Data      Debug   Library Member Name

         8          0          0          0          0         68   __main.o
       284          0          0          0          0        156   __printf_wp.o
         0          0          0          0          0          0   __rtentry.o
        12          0          0          0          0          0   __rtentry2.o
         6          0          0          0          0          0   __rtentry4.o
        52          8          0          0          0          0   __scatter.o
        26          0          0          0          0          0   __scatter_copy.o
        28          0          0          0          0          0   __scatter_zi.o
        48          6          0          0          0         96   _printf_char_common.o
         6          0          0          0          0          0   _printf_d.o
       120         16          0          0          0         92   _printf_dec.o
         6          0          0          0          0          0   _printf_f.o
      1054          0          0          0          0        216   _printf_fp_dec.o
       128         16          0          0          0         84   _printf_fp_infnan.o
       178          0          0          0          0         88   _printf_intcommon.o
        78          0          0          0          0        108   _printf_pad.o
         0          0          0          0          0          0   _printf_percent.o
         4          0          0          0          0          0   _printf_percent_end.o
        10          0          0          0          0         68   _sputc.o
       228          4        148          0          0         96   bigflt0.o
      1936        128          0          0          0        672   btod.o
        18          0          0          0          0         80   exit.o
         6          0          0          0          0        152   heapauxi.o
         0          0          0          0          0          0   indicate_semi.o
        44         10         28          0          0         76   lc_numeric_c.o
         2          0          0          0          0          0   libinit.o
        18          0          0          0          0          0   libinit2.o
         2          0          0          0          0          0   libshutdown.o
         2          0          0          0          0          0   libshutdown2.o
         8          4          0          0         96         68   libspace.o
       138          0          0          0          0         80   lludiv10.o
        40          6          0          0          0         84   noretval__2sprintf.o
         8          4          0          0          0         68   rt_locale_intlibspace.o
        78          0          0          0          0         80   rt_memclr_w.o
         2          0          0          0          0          0   rtexit.o
        10          0          0          0          0          0   rtexit2.o
       128          0          0          0          0         68   strcmpv7m.o
        12          4          0          0          0         68   sys_exit.o
        74          0          0          0          0         80   sys_stackheap_outer.o
         2          0          0          0          0         68   use_no_semi.o
        98          4          0          0          0         92   d2f.o
        16          4          0          0          0         68   dcheck1.o
       340         12          0          0          0        104   dmul.o
       156          4          0          0          0         92   dnaninf.o
        12          0          0          0          0         68   dretinf.o
        86          4          0          0          0         84   f2d.o
        38          0          0          0          0         68   fflt_clz.o
       140          4          0          0          0         84   fnaninf.o
        10          0          0          0          0         68   fretinf.o
         4          0          0          0          0         68   printf1.o
       100          0          0          0          0         68   retnan.o
        92          0          0          0          0         68   scalbn.o
        48          0          0          0          0         68   trapv.o
         0          0          0          0          0          0   usenofp.o
        40          0          0          0          0         68   fpclassify.o

    ----------------------------------------------------------------------
      6002        238        176          0         96       3784   Library Totals
        18          0          0          0          0          0   (incl. Padding)

    ----------------------------------------------------------------------

      Code (inc. data)   RO Data    RW Data    ZI Data      Debug   Library Name

      4804        206        176          0         96       2716   c_w.l
      1140         32          0          0          0       1000   fz_ws.l
        40          0          0          0          0         68   m_ws.l

    ----------------------------------------------------------------------
      6002        238        176          0         96       3784   Library Totals

    ----------------------------------------------------------------------

==============================================================================


      Code (inc. data)   RO Data    RW Data    ZI Data      Debug   

     17944       1156       2024         76       2292     561368   Grand Totals
     17944       1156       2024         76       2292     561368   ELF Image Totals
     17944       1156       2024         76          0          0   ROM Totals

==============================================================================

    Total RO  Size (Code + RO Data)                19968 (  19.50kB)
    Total RW  Size (RW Data + ZI Data)              2368 (   2.31kB)
    Total ROM Size (Code + RO Data + RW Data)      20044 (  19.57kB)

==============================================================================

